Archive member included to satisfy reference by file (symbol)

C:/ST/STM32CubeIDE_1.13.2/STM32CubeIDE/plugins/com.st.stm32cube.ide.mcu.externaltools.gnu-tools-for-stm32.12.3.rel1.win32_1.0.100.202403111256/tools/bin/../lib/gcc/arm-none-eabi/12.3.1/../../../../arm-none-eabi/lib/thumb/v7e-m+fp/hard\libc_nano.a(libc_a-exit.o)
                              C:/ST/STM32CubeIDE_1.13.2/STM32CubeIDE/plugins/com.st.stm32cube.ide.mcu.externaltools.gnu-tools-for-stm32.12.3.rel1.win32_1.0.100.202403111256/tools/bin/../lib/gcc/arm-none-eabi/12.3.1/../../../../arm-none-eabi/lib/thumb/v7e-m+fp/hard/crt0.o (exit)
C:/ST/STM32CubeIDE_1.13.2/STM32CubeIDE/plugins/com.st.stm32cube.ide.mcu.externaltools.gnu-tools-for-stm32.12.3.rel1.win32_1.0.100.202403111256/tools/bin/../lib/gcc/arm-none-eabi/12.3.1/../../../../arm-none-eabi/lib/thumb/v7e-m+fp/hard\libc_nano.a(libc_a-malloc.o)
                              ./Core/Src/File_Handling.o (malloc)
C:/ST/STM32CubeIDE_1.13.2/STM32CubeIDE/plugins/com.st.stm32cube.ide.mcu.externaltools.gnu-tools-for-stm32.12.3.rel1.win32_1.0.100.202403111256/tools/bin/../lib/gcc/arm-none-eabi/12.3.1/../../../../arm-none-eabi/lib/thumb/v7e-m+fp/hard\libc_nano.a(libc_a-mallocr.o)
                              C:/ST/STM32CubeIDE_1.13.2/STM32CubeIDE/plugins/com.st.stm32cube.ide.mcu.externaltools.gnu-tools-for-stm32.12.3.rel1.win32_1.0.100.202403111256/tools/bin/../lib/gcc/arm-none-eabi/12.3.1/../../../../arm-none-eabi/lib/thumb/v7e-m+fp/hard\libc_nano.a(libc_a-malloc.o) (_malloc_r)
C:/ST/STM32CubeIDE_1.13.2/STM32CubeIDE/plugins/com.st.stm32cube.ide.mcu.externaltools.gnu-tools-for-stm32.12.3.rel1.win32_1.0.100.202403111256/tools/bin/../lib/gcc/arm-none-eabi/12.3.1/../../../../arm-none-eabi/lib/thumb/v7e-m+fp/hard\libc_nano.a(libc_a-mlock.o)
                              C:/ST/STM32CubeIDE_1.13.2/STM32CubeIDE/plugins/com.st.stm32cube.ide.mcu.externaltools.gnu-tools-for-stm32.12.3.rel1.win32_1.0.100.202403111256/tools/bin/../lib/gcc/arm-none-eabi/12.3.1/../../../../arm-none-eabi/lib/thumb/v7e-m+fp/hard\libc_nano.a(libc_a-mallocr.o) (__malloc_lock)
C:/ST/STM32CubeIDE_1.13.2/STM32CubeIDE/plugins/com.st.stm32cube.ide.mcu.externaltools.gnu-tools-for-stm32.12.3.rel1.win32_1.0.100.202403111256/tools/bin/../lib/gcc/arm-none-eabi/12.3.1/../../../../arm-none-eabi/lib/thumb/v7e-m+fp/hard\libc_nano.a(libc_a-findfp.o)
                              C:/ST/STM32CubeIDE_1.13.2/STM32CubeIDE/plugins/com.st.stm32cube.ide.mcu.externaltools.gnu-tools-for-stm32.12.3.rel1.win32_1.0.100.202403111256/tools/bin/../lib/gcc/arm-none-eabi/12.3.1/../../../../arm-none-eabi/lib/thumb/v7e-m+fp/hard\libc_nano.a(libc_a-exit.o) (__stdio_exit_handler)
C:/ST/STM32CubeIDE_1.13.2/STM32CubeIDE/plugins/com.st.stm32cube.ide.mcu.externaltools.gnu-tools-for-stm32.12.3.rel1.win32_1.0.100.202403111256/tools/bin/../lib/gcc/arm-none-eabi/12.3.1/../../../../arm-none-eabi/lib/thumb/v7e-m+fp/hard\libc_nano.a(libc_a-fwalk.o)
                              C:/ST/STM32CubeIDE_1.13.2/STM32CubeIDE/plugins/com.st.stm32cube.ide.mcu.externaltools.gnu-tools-for-stm32.12.3.rel1.win32_1.0.100.202403111256/tools/bin/../lib/gcc/arm-none-eabi/12.3.1/../../../../arm-none-eabi/lib/thumb/v7e-m+fp/hard\libc_nano.a(libc_a-findfp.o) (_fwalk_sglue)
C:/ST/STM32CubeIDE_1.13.2/STM32CubeIDE/plugins/com.st.stm32cube.ide.mcu.externaltools.gnu-tools-for-stm32.12.3.rel1.win32_1.0.100.202403111256/tools/bin/../lib/gcc/arm-none-eabi/12.3.1/../../../../arm-none-eabi/lib/thumb/v7e-m+fp/hard\libc_nano.a(libc_a-sprintf.o)
                              ./Core/Src/File_Handling.o (sprintf)
C:/ST/STM32CubeIDE_1.13.2/STM32CubeIDE/plugins/com.st.stm32cube.ide.mcu.externaltools.gnu-tools-for-stm32.12.3.rel1.win32_1.0.100.202403111256/tools/bin/../lib/gcc/arm-none-eabi/12.3.1/../../../../arm-none-eabi/lib/thumb/v7e-m+fp/hard\libc_nano.a(libc_a-stdio.o)
                              C:/ST/STM32CubeIDE_1.13.2/STM32CubeIDE/plugins/com.st.stm32cube.ide.mcu.externaltools.gnu-tools-for-stm32.12.3.rel1.win32_1.0.100.202403111256/tools/bin/../lib/gcc/arm-none-eabi/12.3.1/../../../../arm-none-eabi/lib/thumb/v7e-m+fp/hard\libc_nano.a(libc_a-findfp.o) (__sread)
C:/ST/STM32CubeIDE_1.13.2/STM32CubeIDE/plugins/com.st.stm32cube.ide.mcu.externaltools.gnu-tools-for-stm32.12.3.rel1.win32_1.0.100.202403111256/tools/bin/../lib/gcc/arm-none-eabi/12.3.1/../../../../arm-none-eabi/lib/thumb/v7e-m+fp/hard\libc_nano.a(libc_a-memset.o)
                              C:/ST/STM32CubeIDE_1.13.2/STM32CubeIDE/plugins/com.st.stm32cube.ide.mcu.externaltools.gnu-tools-for-stm32.12.3.rel1.win32_1.0.100.202403111256/tools/bin/../lib/gcc/arm-none-eabi/12.3.1/../../../../arm-none-eabi/lib/thumb/v7e-m+fp/hard/crt0.o (memset)
C:/ST/STM32CubeIDE_1.13.2/STM32CubeIDE/plugins/com.st.stm32cube.ide.mcu.externaltools.gnu-tools-for-stm32.12.3.rel1.win32_1.0.100.202403111256/tools/bin/../lib/gcc/arm-none-eabi/12.3.1/../../../../arm-none-eabi/lib/thumb/v7e-m+fp/hard\libc_nano.a(libc_a-closer.o)
[...]
Memory Configuration

Name             Origin             Length             Attributes
CCMRAM           0x10000000         0x00010000         xrw
RAM              0x20000000         0x00020000         xrw
FLASH            0x08000000         0x00100000         xr
*default*        0x00000000         0xffffffff

Linker script and memory map

LOAD C:/ST/STM32CubeIDE_1.13.2/STM32CubeIDE/plugins/com.st.stm32cube.ide.mcu.externaltools.gnu-tools-for-stm32.12.3.rel1.win32_1.0.100.202403111256/tools/bin/../lib/gcc/arm-none-eabi/12.3.1/thumb/v7e-m+fp/hard/crti.o
LOAD C:/ST/STM32CubeIDE_1.13.2/STM32CubeIDE/plugins/com.st.stm32cube.ide.mcu.externaltools.gnu-tools-for-stm32.12.3.rel1.win32_1.0.100.202403111256/tools/bin/../lib/gcc/arm-none-eabi/12.3.1/thumb/v7e-m+fp/hard/crtbegin.o
LOAD C:/ST/STM32CubeIDE_1.13.2/STM32CubeIDE/plugins/com.st.stm32cube.ide.mcu.externaltools.gnu-tools-for-stm32.12.3.rel1.win32_1.0.100.202403111256/tools/bin/../lib/gcc/arm-none-eabi/12.3.1/../../../../arm-none-eabi/lib/thumb/v7e-m+fp/hard/crt0.o
LOAD ./Core/Src/File_Handling.o
LOAD ./Core/Src/main.o
LOAD ./Core/Src/stm32f4xx_hal_msp.o
LOAD ./Core/Src/stm32f4xx_it.o
LOAD ./Core/Src/syscalls.o
LOAD ./Core/Src/sysmem.o
LOAD ./Core/Src/system_stm32f4xx.o
LOAD ./Core/Startup/startup_stm32f417vgtx.o
LOAD ./Drivers/STM32F4xx_HAL_Driver/Src/stm32f4xx_hal.o
LOAD ./Drivers/STM32F4xx_HAL_Driver/Src/stm32f4xx_hal_can.o
LOAD ./Drivers/STM32F4xx_HAL_Driver/Src/stm32f4xx_hal_cortex.o
LOAD ./Drivers/STM32F4xx_HAL_Driver/Src/stm32f4xx_hal_dma.o
LOAD ./Drivers/STM32F4xx_HAL_Driver/Src/stm32f4xx_hal_dma_ex.o
LOAD ./Drivers/STM32F4xx_HAL_Driver/Src/stm32f4xx_hal_exti.o
LOAD ./Drivers/STM32F4xx_HAL_Driver/Src/stm32f4xx_hal_flash.o
LOAD ./Drivers/STM32F4xx_HAL_Driver/Src/stm32f4xx_hal_flash_ex.o
LOAD ./Drivers/STM32F4xx_HAL_Driver/Src/stm32f4xx_hal_flash_ramfunc.o
LOAD ./Drivers/STM32F4xx_HAL_Driver/Src/stm32f4xx_hal_gpio.o
LOAD ./Drivers/STM32F4xx_HAL_Driver/Src/stm32f4xx_hal_pwr.o
LOAD ./Drivers/STM32F4xx_HAL_Driver/Src/stm32f4xx_hal_pwr_ex.o
LOAD ./Drivers/STM32F4xx_HAL_Driver/Src/stm32f4xx_hal_rcc.o
LOAD ./Drivers/STM32F4xx_HAL_Driver/Src/stm32f4xx_hal_rcc_ex.o
LOAD ./Drivers/STM32F4xx_HAL_Driver/Src/stm32f4xx_hal_sd.o
LOAD ./Drivers/STM32F4xx_HAL_Driver/Src/stm32f4xx_hal_tim.o
LOAD ./Drivers/STM32F4xx_HAL_Driver/Src/stm32f4xx_hal_tim_ex.o
LOAD ./Drivers/STM32F4xx_HAL_Driver/Src/stm32f4xx_hal_uart.o
LOAD ./Drivers/STM32F4xx_HAL_Driver/Src/stm32f4xx_ll_sdmmc.o
LOAD ./FATFS/App/fatfs.o
LOAD ./FATFS/Target/bsp_driver_sd.o
LOAD ./FATFS/Target/sd_diskio.o
LOAD ./Middlewares/Third_Party/FatFs/src/diskio.o
LOAD ./Middlewares/Third_Party/FatFs/src/ff.o
LOAD ./Middlewares/Third_Party/FatFs/src/ff_gen_drv.o
LOAD ./Middlewares/Third_Party/FatFs/src/option/syscall.o
START GROUP
LOAD C:/ST/STM32CubeIDE_1.13.2/STM32CubeIDE/plugins/com.st.stm32cube.ide.mcu.externaltools.gnu-tools-for-stm32.12.3.rel1.win32_1.0.100.202403111256/tools/bin/../lib/gcc/arm-none-eabi/12.3.1/../../../../arm-none-eabi/lib/thumb/v7e-m+fp/hard\libc_nano.a
LOAD C:/ST/STM32CubeIDE_1.13.2/STM32CubeIDE/plugins/com.st.stm32cube.ide.mcu.externaltools.gnu-tools-for-stm32.12.3.rel1.win32_1.0.100.202403111256/tools/bin/../lib/gcc/arm-none-eabi/12.3.1/../../../../arm-none-eabi/lib/thumb/v7e-m+fp/hard\libm.a
END GROUP
START GROUP
LOAD C:/ST/STM32CubeIDE_1.13.2/STM32CubeIDE/plugins/com.st.stm32cube.ide.mcu.externaltools.gnu-tools-for-stm32.12.3.rel1.win32_1.0.100.202403111256/tools/bin/../lib/gcc/arm-none-eabi/12.3.1/thumb/v7e-m+fp/hard\libgcc.a
LOAD C:/ST/STM32CubeIDE_1.13.2/STM32CubeIDE/plugins/com.st.stm32cube.ide.mcu.externaltools.gnu-tools-for-stm32.12.3.rel1.win32_1.0.100.202403111256/tools/bin/../lib/gcc/arm-none-eabi/12.3.1/../../../../arm-none-eabi/lib/thumb/v7e-m+fp/hard\libc_nano.a
END GROUP
START GROUP
LOAD C:/ST/STM32CubeIDE_1.13.2/STM32CubeIDE/plugins/com.st.stm32cube.ide.mcu.externaltools.gnu-tools-for-stm32.12.3.rel1.win32_1.0.100.202403111256/tools/bin/../lib/gcc/arm-none-eabi/12.3.1/thumb/v7e-m+fp/hard\libgcc.a
LOAD C:/ST/STM32CubeIDE_1.13.2/STM32CubeIDE/plugins/com.st.stm32cube.ide.mcu.externaltools.gnu-tools-for-stm32.12.3.rel1.win32_1.0.100.202403111256/tools/bin/../lib/gcc/arm-none-eabi/12.3.1/../../../../arm-none-eabi/lib/thumb/v7e-m+fp/hard\libc_nano.a
LOAD C:/ST/STM32CubeIDE_1.13.2/STM32CubeIDE/plugins/com.st.stm32cube.ide.mcu.externaltools.gnu-tools-for-stm32.12.3.rel1.win32_1.0.100.202403111256/tools/bin/../lib/gcc/arm-none-eabi/12.3.1/../../../../arm-none-eabi/lib/thumb/v7e-m+fp/hard\libnosys.a
END GROUP
START GROUP
LOAD C:/ST/STM32CubeIDE_1.13.2/STM32CubeIDE/plugins/com.st.stm32cube.ide.mcu.externaltools.gnu-tools-for-stm32.12.3.rel1.win32_1.0.100.202403111256/tools/bin/../lib/gcc/arm-none-eabi/12.3.1/thumb/v7e-m+fp/hard\libgcc.a
LOAD C:/ST/STM32CubeIDE_1.13.2/STM32CubeIDE/plugins/com.st.stm32cube.ide.mcu.externaltools.gnu-tools-for-stm32.12.3.rel1.win32_1.0.100.202403111256/tools/bin/../lib/gcc/arm-none-eabi/12.3.1/../../../../arm-none-eabi/lib/thumb/v7e-m+fp/hard\libc_nano.a
LOAD C:/ST/STM32CubeIDE_1.13.2/STM32CubeIDE/plugins/com.st.stm32cube.ide.mcu.externaltools.gnu-tools-for-stm32.12.3.rel1.win32_1.0.100.202403111256/tools/bin/../lib/gcc/arm-none-eabi/12.3.1/../../../../arm-none-eabi/lib/thumb/v7e-m+fp/hard\libnosys.a
END GROUP
LOAD C:/ST/STM32CubeIDE_1.13.2/STM32CubeIDE/plugins/com.st.stm32cube.ide.mcu.externaltools.gnu-tools-for-stm32.12.3.rel1.win32_1.0.100.202403111256/tools/bin/../lib/gcc/arm-none-eabi/12.3.1/thumb/v7e-m+fp/hard/crtend.o
LOAD C:/ST/STM32CubeIDE_1.13.2/STM32CubeIDE/plugins/com.st.stm32cube.ide.mcu.externaltools.gnu-tools-for-stm32.12.3.rel1.win32_1.0.100.202403111256/tools/bin/../lib/gcc/arm-none-eabi/12.3.1/thumb/v7e-m+fp/hard/crtn.o
                0x20020000                        _estack = (ORIGIN (RAM) + LENGTH (RAM))
                0x00000200                        _Min_Heap_Size = 0x200
                0x00000400                        _Min_Stack_Size = 0x400

.isr_vector     0x08000000      0x188
                0x08000000                        . = ALIGN (0x4)
 *(.isr_vector)
 .isr_vector    0x08000000      0x188 ./Core/Startup/startup_stm32f417vgtx.o
                0x08000000                g_pfnVectors
                0x08000188                        . = ALIGN (0x4)

.text           0x08000190     0x77bc
                0x08000190                        . = ALIGN (0x4)
 *(.text)
 .text          0x08000190       0x40 C:/ST/STM32CubeIDE_1.13.2/STM32CubeIDE/plugins/com.st.stm32cube.ide.mcu.externaltools.gnu-tools-for-stm32.12.3.rel1.win32_1.0.100.202403111256/tools/bin/../lib/gcc/arm-none-eabi/12.3.1/thumb/v7e-m+fp/hard/crtbegin.o
 .text          0x080001d0       0x10 C:/ST/STM32CubeIDE_1.13.2/STM32CubeIDE/plugins/com.st.stm32cube.ide.mcu.externaltools.gnu-tools-for-stm32.12.3.rel1.win32_1.0.100.202403111256/tools/bin/../lib/gcc/arm-none-eabi/12.3.1/../../../../arm-none-eabi/lib/thumb/v7e-m+fp/hard\libc_nano.a(libc_a-strlen.o)
                0x080001d0                strlen
 .text          0x080001e0       0xa0 C:/ST/STM32CubeIDE_1.13.2/STM32CubeIDE/plugins/com.st.stm32cube.ide.mcu.externaltools.gnu-tools-for-stm32.12.3.rel1.win32_1.0.100.202403111256/tools/bin/../lib/gcc/arm-none-eabi/12.3.1/../../../../arm-none-eabi/lib/thumb/v7e-m+fp/hard\libc_nano.a(libc_a-memchr.o)
                0x080001e0                memchr
 .text          0x08000280       0x30 C:/ST/STM32CubeIDE_1.13.2/STM32CubeIDE/plugins/com.st.stm32cube.ide.mcu.externaltools.gnu-tools-for-stm32.12.3.rel1.win32_1.0.100.202403111256/tools/bin/../lib/gcc/arm-none-eabi/12.3.1/thumb/v7e-m+fp/hard\libgcc.a(_aeabi_uldivmod.o)
                0x08000280                __aeabi_uldivmod
 .text          0x080002b0      0x2bc C:/ST/STM32CubeIDE_1.13.2/STM32CubeIDE/plugins/com.st.stm32cube.ide.mcu.externaltools.gnu-tools-for-stm32.12.3.rel1.win32_1.0.100.202403111256/tools/bin/../lib/gcc/arm-none-eabi/12.3.1/thumb/v7e-m+fp/hard\libgcc.a(_udivmoddi4.o)
                0x080002b0                __udivmoddi4
 .text          0x0800056c        0x4 C:/ST/STM32CubeIDE_1.13.2/STM32CubeIDE/plugins/com.st.stm32cube.ide.mcu.externaltools.gnu-tools-for-stm32.12.3.rel1.win32_1.0.100.202403111256/tools/bin/../lib/gcc/arm-none-eabi/12.3.1/thumb/v7e-m+fp/hard\libgcc.a(_dvmd_tls.o)
                0x0800056c                __aeabi_idiv0
                0x0800056c                __aeabi_ldiv0
 *(.text*)
 .text.Send_Uart
                0x08000570       0x2c ./Core/Src/File_Handling.o
                0x08000570                Send_Uart
 .text.Mount_SD
                0x0800059c       0x68 ./Core/Src/File_Handling.o
                0x0800059c                Mount_SD
 .text.Unmount_SD
                0x08000604       0x44 ./Core/Src/File_Handling.o
                0x08000604                Unmount_SD
 .text.Create_File
                0x08000648      0x134 ./Core/Src/File_Handling.o
                0x08000648                Create_File
 .text.Update_File
                0x0800077c       0x8c ./Core/Src/File_Handling.o
                0x0800077c                Update_File
 .text.main     0x08000808       0xbc ./Core/Src/main.o
                0x08000808                main
 .text.SystemClock_Config
                0x080008c4       0xd4 ./Core/Src/main.o
                0x080008c4                SystemClock_Config
 .text.MX_CAN1_Init
                0x08000998       0x6c ./Core/Src/main.o
 .text.MX_SDIO_SD_Init
                0x08000a04       0x60 ./Core/Src/main.o
 .text.MX_USART1_UART_Init
                0x08000a64       0x54 ./Core/Src/main.o
 .text.MX_GPIO_Init
                0x08000ab8       0x88 ./Core/Src/main.o
 .text.Error_Handler
                0x08000b40        0xc ./Core/Src/main.o
                0x08000b40                Error_Handler
 .text.HAL_MspInit
                0x08000b4c       0x50 ./Core/Src/stm32f4xx_hal_msp.o
                0x08000b4c                HAL_MspInit
 .text.HAL_CAN_MspInit
                0x08000b9c       0x90 ./Core/Src/stm32f4xx_hal_msp.o
                0x08000b9c                HAL_CAN_MspInit
 .text.HAL_SD_MspInit
                0x08000c2c       0xd0 ./Core/Src/stm32f4xx_hal_msp.o
                0x08000c2c                HAL_SD_MspInit
 .text.HAL_UART_MspInit
                0x08000cfc       0x90 ./Core/Src/stm32f4xx_hal_msp.o
                0x08000cfc                HAL_UART_MspInit
 .text.NMI_Handler
                0x08000d8c        0x8 ./Core/Src/stm32f4xx_it.o
                0x08000d8c                NMI_Handler
 .text.HardFault_Handler
                0x08000d94        0x8 ./Core/Src/stm32f4xx_it.o
                0x08000d94                HardFault_Handler
 .text.MemManage_Handler
                0x08000d9c        0x8 ./Core/Src/stm32f4xx_it.o
                0x08000d9c                MemManage_Handler
 .text.BusFault_Handler
                0x08000da4        0x8 ./Core/Src/stm32f4xx_it.o
                0x08000da4                BusFault_Handler
 .text.UsageFault_Handler
                0x08000dac        0x8 ./Core/Src/stm32f4xx_it.o
                0x08000dac                UsageFault_Handler
 .text.SVC_Handler
                0x08000db4        0xe ./Core/Src/stm32f4xx_it.o
                0x08000db4                SVC_Handler
 .text.DebugMon_Handler
                0x08000dc2        0xe ./Core/Src/stm32f4xx_it.o
                0x08000dc2                DebugMon_Handler
 .text.PendSV_Handler
                0x08000dd0        0xe ./Core/Src/stm32f4xx_it.o
                0x08000dd0                PendSV_Handler
 .text.SysTick_Handler
                0x08000dde        0xc ./Core/Src/stm32f4xx_it.o
                0x08000dde                SysTick_Handler
 *fill*         0x08000dea        0x2 
 .text._sbrk    0x08000dec       0x6c ./Core/Src/sysmem.o
                0x08000dec                _sbrk
 .text.SystemInit
                0x08000e58       0x24 ./Core/Src/system_stm32f4xx.o
                0x08000e58                SystemInit
 .text.Reset_Handler
                0x08000e7c       0x50 ./Core/Startup/startup_stm32f417vgtx.o
                0x08000e7c                Reset_Handler
 .text.Default_Handler
                0x08000ecc        0x2 ./Core/Startup/startup_stm32f417vgtx.o
                0x08000ecc                RTC_Alarm_IRQHandler
                0x08000ecc                HASH_RNG_IRQHandler
                0x08000ecc                EXTI2_IRQHandler
                0x08000ecc                TIM8_CC_IRQHandler
                0x08000ecc                TIM1_CC_IRQHandler
                0x08000ecc                DMA2_Stream5_IRQHandler
                0x08000ecc                DMA1_Stream5_IRQHandler
                0x08000ecc                PVD_IRQHandler
                0x08000ecc                SDIO_IRQHandler
                0x08000ecc                TAMP_STAMP_IRQHandler
                0x08000ecc                CAN2_RX1_IRQHandler
                0x08000ecc                EXTI3_IRQHandler
                0x08000ecc                TIM8_TRG_COM_TIM14_IRQHandler
                0x08000ecc                TIM1_UP_TIM10_IRQHandler
                0x08000ecc                TIM8_UP_TIM13_IRQHandler
                0x08000ecc                I2C3_ER_IRQHandler
                0x08000ecc                EXTI0_IRQHandler
                0x08000ecc                I2C2_EV_IRQHandler
                0x08000ecc                DMA1_Stream2_IRQHandler
                0x08000ecc                CAN1_RX0_IRQHandler
                0x08000ecc                FPU_IRQHandler
                0x08000ecc                OTG_HS_WKUP_IRQHandler
                0x08000ecc                CAN2_SCE_IRQHandler
                0x08000ecc                DMA2_Stream2_IRQHandler
                0x08000ecc                SPI1_IRQHandler
                0x08000ecc                TIM6_DAC_IRQHandler
                0x08000ecc                TIM1_BRK_TIM9_IRQHandler
                0x08000ecc                DCMI_IRQHandler
                0x08000ecc                CAN2_RX0_IRQHandler
                0x08000ecc                DMA2_Stream3_IRQHandler
                0x08000ecc                USART6_IRQHandler
                0x08000ecc                USART3_IRQHandler
                0x08000ecc                CRYP_IRQHandler
                0x08000ecc                CAN1_RX1_IRQHandler
                0x08000ecc                UART5_IRQHandler
                0x08000ecc                DMA2_Stream0_IRQHandler
                0x08000ecc                TIM4_IRQHandler
                0x08000ecc                I2C1_EV_IRQHandler
                0x08000ecc                DMA1_Stream6_IRQHandler
                0x08000ecc                DMA1_Stream1_IRQHandler
                0x08000ecc                UART4_IRQHandler
                0x08000ecc                TIM3_IRQHandler
                0x08000ecc                RCC_IRQHandler
                0x08000ecc                TIM8_BRK_TIM12_IRQHandler
                0x08000ecc                Default_Handler
                0x08000ecc                EXTI15_10_IRQHandler
                0x08000ecc                ADC_IRQHandler
                0x08000ecc                DMA1_Stream7_IRQHandler
                0x08000ecc                TIM7_IRQHandler
                0x08000ecc                CAN2_TX_IRQHandler
                0x08000ecc                TIM5_IRQHandler
                0x08000ecc                DMA2_Stream7_IRQHandler
                0x08000ecc                I2C3_EV_IRQHandler
                0x08000ecc                EXTI9_5_IRQHandler
                0x08000ecc                RTC_WKUP_IRQHandler
                0x08000ecc                ETH_WKUP_IRQHandler
                0x08000ecc                SPI2_IRQHandler
                0x08000ecc                OTG_HS_EP1_IN_IRQHandler
                0x08000ecc                DMA1_Stream0_IRQHandler
                0x08000ecc                CAN1_TX_IRQHandler
                0x08000ecc                EXTI4_IRQHandler
                0x08000ecc                FSMC_IRQHandler
                0x08000ecc                ETH_IRQHandler
                0x08000ecc                OTG_HS_EP1_OUT_IRQHandler
                0x08000ecc                WWDG_IRQHandler
                0x08000ecc                TIM2_IRQHandler
                0x08000ecc                OTG_FS_WKUP_IRQHandler
                0x08000ecc                TIM1_TRG_COM_TIM11_IRQHandler
                0x08000ecc                OTG_HS_IRQHandler
                0x08000ecc                EXTI1_IRQHandler
                0x08000ecc                USART2_IRQHandler
                0x08000ecc                I2C2_ER_IRQHandler
                0x08000ecc                DMA2_Stream1_IRQHandler
                0x08000ecc                CAN1_SCE_IRQHandler
                0x08000ecc                FLASH_IRQHandler
                0x08000ecc                DMA2_Stream4_IRQHandler
                0x08000ecc                USART1_IRQHandler
                0x08000ecc                OTG_FS_IRQHandler
                0x08000ecc                SPI3_IRQHandler
                0x08000ecc                DMA1_Stream4_IRQHandler
                0x08000ecc                I2C1_ER_IRQHandler
                0x08000ecc                DMA2_Stream6_IRQHandler
                0x08000ecc                DMA1_Stream3_IRQHandler
 *fill*         0x08000ece        0x2 
 .text.HAL_Init
                0x08000ed0       0x44 ./Drivers/STM32F4xx_HAL_Driver/Src/stm32f4xx_hal.o
                0x08000ed0                HAL_Init
 .text.HAL_InitTick
                0x08000f14       0x60 ./Drivers/STM32F4xx_HAL_Driver/Src/stm32f4xx_hal.o
                0x08000f14                HAL_InitTick
 .text.HAL_IncTick
                0x08000f74       0x28 ./Drivers/STM32F4xx_HAL_Driver/Src/stm32f4xx_hal.o
                0x08000f74                HAL_IncTick
 .text.HAL_GetTick
                0x08000f9c       0x18 ./Drivers/STM32F4xx_HAL_Driver/Src/stm32f4xx_hal.o
                0x08000f9c                HAL_GetTick
 .text.HAL_Delay
                0x08000fb4       0x48 ./Drivers/STM32F4xx_HAL_Driver/Src/stm32f4xx_hal.o
                0x08000fb4                HAL_Delay
 .text.HAL_CAN_Init
                0x08000ffc      0x1f6 ./Drivers/STM32F4xx_HAL_Driver/Src/stm32f4xx_hal_can.o
                0x08000ffc                HAL_CAN_Init
 *fill*         0x080011f2        0x2 
 .text.__NVIC_SetPriorityGrouping
                0x080011f4       0x48 ./Drivers/STM32F4xx_HAL_Driver/Src/stm32f4xx_hal_cortex.o
 .text.__NVIC_GetPriorityGrouping
                0x0800123c       0x1c ./Drivers/STM32F4xx_HAL_Driver/Src/stm32f4xx_hal_cortex.o
 .text.__NVIC_SetPriority
                0x08001258       0x54 ./Drivers/STM32F4xx_HAL_Driver/Src/stm32f4xx_hal_cortex.o
 .text.NVIC_EncodePriority
                0x080012ac       0x66 ./Drivers/STM32F4xx_HAL_Driver/Src/stm32f4xx_hal_cortex.o
 *fill*         0x08001312        0x2 
 .text.SysTick_Config
                0x08001314       0x44 ./Drivers/STM32F4xx_HAL_Driver/Src/stm32f4xx_hal_cortex.o
 .text.HAL_NVIC_SetPriorityGrouping
                0x08001358       0x16 ./Drivers/STM32F4xx_HAL_Driver/Src/stm32f4xx_hal_cortex.o
                0x08001358                HAL_NVIC_SetPriorityGrouping
 .text.HAL_NVIC_SetPriority
                0x0800136e       0x38 ./Drivers/STM32F4xx_HAL_Driver/Src/stm32f4xx_hal_cortex.o
                0x0800136e                HAL_NVIC_SetPriority
 .text.HAL_SYSTICK_Config
                0x080013a6       0x18 ./Drivers/STM32F4xx_HAL_Driver/Src/stm32f4xx_hal_cortex.o
                0x080013a6                HAL_SYSTICK_Config
 *fill*         0x080013be        0x2 
 .text.HAL_GPIO_Init
                0x080013c0      0x338 ./Drivers/STM32F4xx_HAL_Driver/Src/stm32f4xx_hal_gpio.o
                0x080013c0                HAL_GPIO_Init
 .text.HAL_RCC_OscConfig
                0x080016f8      0x4f0 ./Drivers/STM32F4xx_HAL_Driver/Src/stm32f4xx_hal_rcc.o
                0x080016f8                HAL_RCC_OscConfig
 .text.HAL_RCC_ClockConfig
                0x08001be8      0x1cc ./Drivers/STM32F4xx_HAL_Driver/Src/stm32f4xx_hal_rcc.o
                0x08001be8                HAL_RCC_ClockConfig
 .text.HAL_RCC_GetSysClockFreq
                0x08001db4      0x20c ./Drivers/STM32F4xx_HAL_Driver/Src/stm32f4xx_hal_rcc.o
                0x08001db4                HAL_RCC_GetSysClockFreq
 .text.HAL_RCC_GetHCLKFreq
                0x08001fc0       0x18 ./Drivers/STM32F4xx_HAL_Driver/Src/stm32f4xx_hal_rcc.o
                0x08001fc0                HAL_RCC_GetHCLKFreq
 .text.HAL_RCC_GetPCLK1Freq
                0x08001fd8       0x28 ./Drivers/STM32F4xx_HAL_Driver/Src/stm32f4xx_hal_rcc.o
                0x08001fd8                HAL_RCC_GetPCLK1Freq
 .text.HAL_RCC_GetPCLK2Freq
                0x08002000       0x28 ./Drivers/STM32F4xx_HAL_Driver/Src/stm32f4xx_hal_rcc.o
                0x08002000                HAL_RCC_GetPCLK2Freq
 .text.HAL_SD_Init
                0x08002028       0x60 ./Drivers/STM32F4xx_HAL_Driver/Src/stm32f4xx_hal_sd.o
                0x08002028                HAL_SD_Init
 .text.HAL_SD_InitCard
                0x08002088      0x100 ./Drivers/STM32F4xx_HAL_Driver/Src/stm32f4xx_hal_sd.o
                0x08002088                HAL_SD_InitCard
 .text.HAL_SD_ReadBlocks
                0x08002188      0x3cc ./Drivers/STM32F4xx_HAL_Driver/Src/stm32f4xx_hal_sd.o
                0x08002188                HAL_SD_ReadBlocks
 .text.HAL_SD_WriteBlocks
                0x08002554      0x31c ./Drivers/STM32F4xx_HAL_Driver/Src/stm32f4xx_hal_sd.o
                0x08002554                HAL_SD_WriteBlocks
 .text.HAL_SD_GetCardCSD
                0x08002870      0x348 ./Drivers/STM32F4xx_HAL_Driver/Src/stm32f4xx_hal_sd.o
                0x08002870                HAL_SD_GetCardCSD
 .text.HAL_SD_GetCardInfo
                0x08002bb8       0x58 ./Drivers/STM32F4xx_HAL_Driver/Src/stm32f4xx_hal_sd.o
                0x08002bb8                HAL_SD_GetCardInfo
 .text.HAL_SD_ConfigWideBusOperation
                0x08002c10      0x134 ./Drivers/STM32F4xx_HAL_Driver/Src/stm32f4xx_hal_sd.o
                0x08002c10                HAL_SD_ConfigWideBusOperation
 .text.HAL_SD_GetCardState
                0x08002d44       0x40 ./Drivers/STM32F4xx_HAL_Driver/Src/stm32f4xx_hal_sd.o
                0x08002d44                HAL_SD_GetCardState
 .text.SD_InitCard
                0x08002d84      0x19c ./Drivers/STM32F4xx_HAL_Driver/Src/stm32f4xx_hal_sd.o
 .text.SD_PowerON
                0x08002f20      0x11c ./Drivers/STM32F4xx_HAL_Driver/Src/stm32f4xx_hal_sd.o
 .text.SD_SendStatus
                0x0800303c       0x50 ./Drivers/STM32F4xx_HAL_Driver/Src/stm32f4xx_hal_sd.o
 .text.SD_WideBus_Enable
                0x0800308c       0x96 ./Drivers/STM32F4xx_HAL_Driver/Src/stm32f4xx_hal_sd.o
 .text.SD_WideBus_Disable
                0x08003122       0x96 ./Drivers/STM32F4xx_HAL_Driver/Src/stm32f4xx_hal_sd.o
 .text.SD_FindSCR
                0x080031b8      0x1b4 ./Drivers/STM32F4xx_HAL_Driver/Src/stm32f4xx_hal_sd.o
 .text.HAL_UART_Init
                0x0800336c       0xa0 ./Drivers/STM32F4xx_HAL_Driver/Src/stm32f4xx_hal_uart.o
                0x0800336c                HAL_UART_Init
 .text.HAL_UART_Transmit
                0x0800340c      0x116 ./Drivers/STM32F4xx_HAL_Driver/Src/stm32f4xx_hal_uart.o
                0x0800340c                HAL_UART_Transmit
 .text.UART_WaitOnFlagUntilTimeout
                0x08003522       0xb2 ./Drivers/STM32F4xx_HAL_Driver/Src/stm32f4xx_hal_uart.o
 .text.UART_EndRxTransfer
                0x080035d4       0xc6 ./Drivers/STM32F4xx_HAL_Driver/Src/stm32f4xx_hal_uart.o
 *fill*         0x0800369a        0x2 
 .text.UART_SetConfig
                0x0800369c      0x4e8 ./Drivers/STM32F4xx_HAL_Driver/Src/stm32f4xx_hal_uart.o
 .text.SDIO_Init
                0x08003b84       0x56 ./Drivers/STM32F4xx_HAL_Driver/Src/stm32f4xx_ll_sdmmc.o
                0x08003b84                SDIO_Init
 .text.SDIO_ReadFIFO
                0x08003bda       0x1a ./Drivers/STM32F4xx_HAL_Driver/Src/stm32f4xx_ll_sdmmc.o
                0x08003bda                SDIO_ReadFIFO
 .text.SDIO_WriteFIFO
                0x08003bf4       0x22 ./Drivers/STM32F4xx_HAL_Driver/Src/stm32f4xx_ll_sdmmc.o
                0x08003bf4                SDIO_WriteFIFO
 .text.SDIO_PowerState_ON
                0x08003c16       0x1c ./Drivers/STM32F4xx_HAL_Driver/Src/stm32f4xx_ll_sdmmc.o
                0x08003c16                SDIO_PowerState_ON
 .text.SDIO_GetPowerState
                0x08003c32       0x1c ./Drivers/STM32F4xx_HAL_Driver/Src/stm32f4xx_ll_sdmmc.o
                0x08003c32                SDIO_GetPowerState
 .text.SDIO_SendCommand
                0x08003c4e       0x54 ./Drivers/STM32F4xx_HAL_Driver/Src/stm32f4xx_ll_sdmmc.o
                0x08003c4e                SDIO_SendCommand
 .text.SDIO_GetCommandResponse
                0x08003ca2       0x1a ./Drivers/STM32F4xx_HAL_Driver/Src/stm32f4xx_ll_sdmmc.o
                0x08003ca2                SDIO_GetCommandResponse
 .text.SDIO_GetResponse
                0x08003cbc       0x26 ./Drivers/STM32F4xx_HAL_Driver/Src/stm32f4xx_ll_sdmmc.o
                0x08003cbc                SDIO_GetResponse
 .text.SDIO_ConfigData
                0x08003ce2       0x58 ./Drivers/STM32F4xx_HAL_Driver/Src/stm32f4xx_ll_sdmmc.o
                0x08003ce2                SDIO_ConfigData
 .text.SDMMC_CmdBlockLength
                0x08003d3a       0x44 ./Drivers/STM32F4xx_HAL_Driver/Src/stm32f4xx_ll_sdmmc.o
                0x08003d3a                SDMMC_CmdBlockLength
 .text.SDMMC_CmdReadSingleBlock
                0x08003d7e       0x44 ./Drivers/STM32F4xx_HAL_Driver/Src/stm32f4xx_ll_sdmmc.o
                0x08003d7e                SDMMC_CmdReadSingleBlock
 .text.SDMMC_CmdReadMultiBlock
                0x08003dc2       0x44 ./Drivers/STM32F4xx_HAL_Driver/Src/stm32f4xx_ll_sdmmc.o
                0x08003dc2                SDMMC_CmdReadMultiBlock
 .text.SDMMC_CmdWriteSingleBlock
                0x08003e06       0x44 ./Drivers/STM32F4xx_HAL_Driver/Src/stm32f4xx_ll_sdmmc.o
                0x08003e06                SDMMC_CmdWriteSingleBlock
 .text.SDMMC_CmdWriteMultiBlock
                0x08003e4a       0x44 ./Drivers/STM32F4xx_HAL_Driver/Src/stm32f4xx_ll_sdmmc.o
                0x08003e4a                SDMMC_CmdWriteMultiBlock
 *fill*         0x08003e8e        0x2 
 .text.SDMMC_CmdStopTransfer
                0x08003e90       0x44 ./Drivers/STM32F4xx_HAL_Driver/Src/stm32f4xx_ll_sdmmc.o
                0x08003e90                SDMMC_CmdStopTransfer
 .text.SDMMC_CmdSelDesel
                0x08003ed4       0x46 ./Drivers/STM32F4xx_HAL_Driver/Src/stm32f4xx_ll_sdmmc.o
                0x08003ed4                SDMMC_CmdSelDesel
 .text.SDMMC_CmdGoIdleState
                0x08003f1a       0x3c ./Drivers/STM32F4xx_HAL_Driver/Src/stm32f4xx_ll_sdmmc.o
                0x08003f1a                SDMMC_CmdGoIdleState
 .text.SDMMC_CmdOperCond
                0x08003f56       0x3e ./Drivers/STM32F4xx_HAL_Driver/Src/stm32f4xx_ll_sdmmc.o
                0x08003f56                SDMMC_CmdOperCond
 .text.SDMMC_CmdAppCommand
                0x08003f94       0x44 ./Drivers/STM32F4xx_HAL_Driver/Src/stm32f4xx_ll_sdmmc.o
                0x08003f94                SDMMC_CmdAppCommand
 .text.SDMMC_CmdAppOperCommand
                0x08003fd8       0x46 ./Drivers/STM32F4xx_HAL_Driver/Src/stm32f4xx_ll_sdmmc.o
                0x08003fd8                SDMMC_CmdAppOperCommand
 .text.SDMMC_CmdBusWidth
                0x0800401e       0x44 ./Drivers/STM32F4xx_HAL_Driver/Src/stm32f4xx_ll_sdmmc.o
                0x0800401e                SDMMC_CmdBusWidth
 .text.SDMMC_CmdSendSCR
                0x08004062       0x42 ./Drivers/STM32F4xx_HAL_Driver/Src/stm32f4xx_ll_sdmmc.o
                0x08004062                SDMMC_CmdSendSCR
 .text.SDMMC_CmdSendCID
                0x080040a4       0x3c ./Drivers/STM32F4xx_HAL_Driver/Src/stm32f4xx_ll_sdmmc.o
                0x080040a4                SDMMC_CmdSendCID
 .text.SDMMC_CmdSendCSD
                0x080040e0       0x3e ./Drivers/STM32F4xx_HAL_Driver/Src/stm32f4xx_ll_sdmmc.o
                0x080040e0                SDMMC_CmdSendCSD
 .text.SDMMC_CmdSetRelAdd
                0x0800411e       0x42 ./Drivers/STM32F4xx_HAL_Driver/Src/stm32f4xx_ll_sdmmc.o
                0x0800411e                SDMMC_CmdSetRelAdd
 .text.SDMMC_CmdSendStatus
                0x08004160       0x44 ./Drivers/STM32F4xx_HAL_Driver/Src/stm32f4xx_ll_sdmmc.o
                0x08004160                SDMMC_CmdSendStatus
 .text.SDMMC_GetCmdResp1
                0x080041a4      0x1dc ./Drivers/STM32F4xx_HAL_Driver/Src/stm32f4xx_ll_sdmmc.o
                0x080041a4                SDMMC_GetCmdResp1
 .text.SDMMC_GetCmdResp2
                0x08004380       0x90 ./Drivers/STM32F4xx_HAL_Driver/Src/stm32f4xx_ll_sdmmc.o
                0x08004380                SDMMC_GetCmdResp2
 .text.SDMMC_GetCmdResp3
                0x08004410       0x7c ./Drivers/STM32F4xx_HAL_Driver/Src/stm32f4xx_ll_sdmmc.o
                0x08004410                SDMMC_GetCmdResp3
 .text.SDMMC_GetCmdResp6
                0x0800448c       0xec ./Drivers/STM32F4xx_HAL_Driver/Src/stm32f4xx_ll_sdmmc.o
                0x0800448c                SDMMC_GetCmdResp6
 .text.SDMMC_GetCmdResp7
                0x08004578       0x9c ./Drivers/STM32F4xx_HAL_Driver/Src/stm32f4xx_ll_sdmmc.o
                0x08004578                SDMMC_GetCmdResp7
 .text.SDMMC_GetCmdError
                0x08004614       0x58 ./Drivers/STM32F4xx_HAL_Driver/Src/stm32f4xx_ll_sdmmc.o
 .text.MX_FATFS_Init
                0x0800466c       0x24 ./FATFS/App/fatfs.o
                0x0800466c                MX_FATFS_Init
 .text.get_fattime
                0x08004690       0x10 ./FATFS/App/fatfs.o
                0x08004690                get_fattime
 .text.BSP_SD_Init
                0x080046a0       0x30 ./FATFS/Target/bsp_driver_sd.o
                0x080046a0                BSP_SD_Init
 .text.BSP_SD_ReadBlocks
                0x080046d0       0x3c ./FATFS/Target/bsp_driver_sd.o
                0x080046d0                BSP_SD_ReadBlocks
 .text.BSP_SD_WriteBlocks
                0x0800470c       0x3c ./FATFS/Target/bsp_driver_sd.o
                0x0800470c                BSP_SD_WriteBlocks
 .text.BSP_SD_GetCardState
                0x08004748       0x20 ./FATFS/Target/bsp_driver_sd.o
                0x08004748                BSP_SD_GetCardState
 .text.BSP_SD_GetCardInfo
                0x08004768       0x1c ./FATFS/Target/bsp_driver_sd.o
                0x08004768                BSP_SD_GetCardInfo
 .text.BSP_SD_IsDetected
                0x08004784       0x1a ./FATFS/Target/bsp_driver_sd.o
                0x08004784                BSP_SD_IsDetected
 *fill*         0x0800479e        0x2 
 .text.SD_CheckStatus
                0x080047a0       0x3c ./FATFS/Target/sd_diskio.o
 .text.SD_initialize
                0x080047dc       0x3c ./FATFS/Target/sd_diskio.o
                0x080047dc                SD_initialize
 .text.SD_status
                0x08004818       0x1c ./FATFS/Target/sd_diskio.o
                0x08004818                SD_status
 .text.SD_read  0x08004834       0x42 ./FATFS/Target/sd_diskio.o
                0x08004834                SD_read
 .text.SD_write
                0x08004876       0x42 ./FATFS/Target/sd_diskio.o
                0x08004876                SD_write
 .text.SD_ioctl
                0x080048b8       0xb0 ./FATFS/Target/sd_diskio.o
                0x080048b8                SD_ioctl
 .text.disk_status
                0x08004968       0x34 ./Middlewares/Third_Party/FatFs/src/diskio.o
                0x08004968                disk_status
 .text.disk_initialize
                0x0800499c       0x50 ./Middlewares/Third_Party/FatFs/src/diskio.o
                0x0800499c                disk_initialize
 .text.disk_read
                0x080049ec       0x40 ./Middlewares/Third_Party/FatFs/src/diskio.o
                0x080049ec                disk_read
 .text.disk_write
                0x08004a2c       0x40 ./Middlewares/Third_Party/FatFs/src/diskio.o
                0x08004a2c                disk_write
 .text.disk_ioctl
                0x08004a6c       0x3c ./Middlewares/Third_Party/FatFs/src/diskio.o
                0x08004a6c                disk_ioctl
 .text.ld_word  0x08004aa8       0x30 ./Middlewares/Third_Party/FatFs/src/ff.o
 .text.ld_dword
                0x08004ad8       0x46 ./Middlewares/Third_Party/FatFs/src/ff.o
 .text.st_word  0x08004b1e       0x36 ./Middlewares/Third_Party/FatFs/src/ff.o
 .text.st_dword
                0x08004b54       0x58 ./Middlewares/Third_Party/FatFs/src/ff.o
 .text.mem_cpy  0x08004bac       0x42 ./Middlewares/Third_Party/FatFs/src/ff.o
 .text.mem_set  0x08004bee       0x36 ./Middlewares/Third_Party/FatFs/src/ff.o
 .text.mem_cmp  0x08004c24       0x4e ./Middlewares/Third_Party/FatFs/src/ff.o
 .text.chk_chr  0x08004c72       0x36 ./Middlewares/Third_Party/FatFs/src/ff.o
 .text.chk_lock
                0x08004ca8       0xb8 ./Middlewares/Third_Party/FatFs/src/ff.o
 .text.enq_lock
                0x08004d60       0x44 ./Middlewares/Third_Party/FatFs/src/ff.o
 .text.inc_lock
                0x08004da4      0x11c ./Middlewares/Third_Party/FatFs/src/ff.o
 .text.dec_lock
                0x08004ec0       0x78 ./Middlewares/Third_Party/FatFs/src/ff.o
 .text.clear_lock
                0x08004f38       0x48 ./Middlewares/Third_Party/FatFs/src/ff.o
 .text.sync_window
                0x08004f80       0x88 ./Middlewares/Third_Party/FatFs/src/ff.o
 .text.move_window
                0x08005008       0x5a ./Middlewares/Third_Party/FatFs/src/ff.o
 *fill*         0x08005062        0x2 
 .text.sync_fs  0x08005064       0xe0 ./Middlewares/Third_Party/FatFs/src/ff.o
 .text.clust2sect
                0x08005144       0x3e ./Middlewares/Third_Party/FatFs/src/ff.o
 .text.get_fat  0x08005182      0x1a6 ./Middlewares/Third_Party/FatFs/src/ff.o
 .text.put_fat  0x08005328      0x234 ./Middlewares/Third_Party/FatFs/src/ff.o
 .text.remove_chain
                0x0800555c       0xca ./Middlewares/Third_Party/FatFs/src/ff.o
 .text.create_chain
                0x08005626      0x130 ./Middlewares/Third_Party/FatFs/src/ff.o
 .text.clmt_clust
                0x08005756       0x70 ./Middlewares/Third_Party/FatFs/src/ff.o
 .text.dir_sdi  0x080057c6      0x112 ./Middlewares/Third_Party/FatFs/src/ff.o
 .text.dir_next
                0x080058d8      0x1ac ./Middlewares/Third_Party/FatFs/src/ff.o
 .text.dir_alloc
                0x08005a84       0x8e ./Middlewares/Third_Party/FatFs/src/ff.o
 .text.ld_clust
                0x08005b12       0x3e ./Middlewares/Third_Party/FatFs/src/ff.o
 .text.st_clust
                0x08005b50       0x40 ./Middlewares/Third_Party/FatFs/src/ff.o
 .text.dir_find
                0x08005b90       0xaa ./Middlewares/Third_Party/FatFs/src/ff.o
 .text.dir_register
                0x08005c3a       0x64 ./Middlewares/Third_Party/FatFs/src/ff.o
 .text.get_fileinfo
                0x08005c9e       0xc0 ./Middlewares/Third_Party/FatFs/src/ff.o
 *fill*         0x08005d5e        0x2 
 .text.create_name
                0x08005d60      0x128 ./Middlewares/Third_Party/FatFs/src/ff.o
 .text.follow_path
                0x08005e88       0xec ./Middlewares/Third_Party/FatFs/src/ff.o
 .text.get_ldnumber
                0x08005f74       0x88 ./Middlewares/Third_Party/FatFs/src/ff.o
 .text.check_fs
                0x08005ffc       0xac ./Middlewares/Third_Party/FatFs/src/ff.o
 .text.find_volume
                0x080060a8      0x500 ./Middlewares/Third_Party/FatFs/src/ff.o
 .text.validate
                0x080065a8       0x6a ./Middlewares/Third_Party/FatFs/src/ff.o
 *fill*         0x08006612        0x2 
 .text.f_mount  0x08006614       0x8c ./Middlewares/Third_Party/FatFs/src/ff.o
                0x08006614                f_mount
 .text.f_open   0x080066a0      0x390 ./Middlewares/Third_Party/FatFs/src/ff.o
                0x080066a0                f_open
 .text.f_write  0x08006a30      0x328 ./Middlewares/Third_Party/FatFs/src/ff.o
                0x08006a30                f_write
 .text.f_sync   0x08006d58       0xfc ./Middlewares/Third_Party/FatFs/src/ff.o
                0x08006d58                f_sync
 .text.f_close  0x08006e54       0x54 ./Middlewares/Third_Party/FatFs/src/ff.o
                0x08006e54                f_close
 .text.f_stat   0x08006ea8       0x72 ./Middlewares/Third_Party/FatFs/src/ff.o
                0x08006ea8                f_stat
 *fill*         0x08006f1a        0x2 
 .text.FATFS_LinkDriverEx
                0x08006f1c       0x98 ./Middlewares/Third_Party/FatFs/src/ff_gen_drv.o
                0x08006f1c                FATFS_LinkDriverEx
 .text.FATFS_LinkDriver
                0x08006fb4       0x1e ./Middlewares/Third_Party/FatFs/src/ff_gen_drv.o
                0x08006fb4                FATFS_LinkDriver
 *fill*         0x08006fd2        0x2 
 .text.malloc   0x08006fd4       0x10 C:/ST/STM32CubeIDE_1.13.2/STM32CubeIDE/plugins/com.st.stm32cube.ide.mcu.externaltools.gnu-tools-for-stm32.12.3.rel1.win32_1.0.100.202403111256/tools/bin/../lib/gcc/arm-none-eabi/12.3.1/../../../../arm-none-eabi/lib/thumb/v7e-m+fp/hard\libc_nano.a(libc_a-malloc.o)
                0x08006fd4                malloc
 .text.free     0x08006fe4       0x10 C:/ST/STM32CubeIDE_1.13.2/STM32CubeIDE/plugins/com.st.stm32cube.ide.mcu.externaltools.gnu-tools-for-stm32.12.3.rel1.win32_1.0.100.202403111256/tools/bin/../lib/gcc/arm-none-eabi/12.3.1/../../../../arm-none-eabi/lib/thumb/v7e-m+fp/hard\libc_nano.a(libc_a-malloc.o)
                0x08006fe4                free
 .text.sbrk_aligned
                0x08006ff4       0x44 C:/ST/STM32CubeIDE_1.13.2/STM32CubeIDE/plugins/com.st.stm32cube.ide.mcu.externaltools.gnu-tools-for-stm32.12.3.rel1.win32_1.0.100.202403111256/tools/bin/../lib/gcc/arm-none-eabi/12.3.1/../../../../arm-none-eabi/lib/thumb/v7e-m+fp/hard\libc_nano.a(libc_a-mallocr.o)
 .text._malloc_r
                0x08007038      0x100 C:/ST/STM32CubeIDE_1.13.2/STM32CubeIDE/plugins/com.st.stm32cube.ide.mcu.externaltools.gnu-tools-for-stm32.12.3.rel1.win32_1.0.100.202403111256/tools/bin/../lib/gcc/arm-none-eabi/12.3.1/../../../../arm-none-eabi/lib/thumb/v7e-m+fp/hard\libc_nano.a(libc_a-mallocr.o)
                0x08007038                _malloc_r
 .text.__malloc_lock
                0x08007138        0xc C:/ST/STM32CubeIDE_1.13.2/STM32CubeIDE/plugins/com.st.stm32cube.ide.mcu.externaltools.gnu-tools-for-stm32.12.3.rel1.win32_1.0.100.202403111256/tools/bin/../lib/gcc/arm-none-eabi/12.3.1/../../../../arm-none-eabi/lib/thumb/v7e-m+fp/hard\libc_nano.a(libc_a-mlock.o)
                0x08007138                __malloc_lock
 .text.__malloc_unlock
                0x08007144        0xc C:/ST/STM32CubeIDE_1.13.2/STM32CubeIDE/plugins/com.st.stm32cube.ide.mcu.externaltools.gnu-tools-for-stm32.12.3.rel1.win32_1.0.100.202403111256/tools/bin/../lib/gcc/arm-none-eabi/12.3.1/../../../../arm-none-eabi/lib/thumb/v7e-m+fp/hard\libc_nano.a(libc_a-mlock.o)
                0x08007144                __malloc_unlock
 .text.sprintf  0x08007150       0x40 C:/ST/STM32CubeIDE_1.13.2/STM32CubeIDE/plugins/com.st.stm32cube.ide.mcu.externaltools.gnu-tools-for-stm32.12.3.rel1.win32_1.0.100.202403111256/tools/bin/../lib/gcc/arm-none-eabi/12.3.1/../../../../arm-none-eabi/lib/thumb/v7e-m+fp/hard\libc_nano.a(libc_a-sprintf.o)
                0x08007150                siprintf
                0x08007150                sprintf
 .text.memset   0x08007190       0x10 C:/ST/STM32CubeIDE_1.13.2/STM32CubeIDE/plugins/com.st.stm32cube.ide.mcu.externaltools.gnu-tools-for-stm32.12.3.rel1.win32_1.0.100.202403111256/tools/bin/../lib/gcc/arm-none-eabi/12.3.1/../../../../arm-none-eabi/lib/thumb/v7e-m+fp/hard\libc_nano.a(libc_a-memset.o)
                0x08007190                memset
 .text._sbrk_r  0x080071a0       0x20 C:/ST/STM32CubeIDE_1.13.2/STM32CubeIDE/plugins/com.st.stm32cube.ide.mcu.externaltools.gnu-tools-for-stm32.12.3.rel1.win32_1.0.100.202403111256/tools/bin/../lib/gcc/arm-none-eabi/12.3.1/../../../../arm-none-eabi/lib/thumb/v7e-m+fp/hard\libc_nano.a(libc_a-sbrkr.o)
                0x080071a0                _sbrk_r
 .text.__errno  0x080071c0        0xc C:/ST/STM32CubeIDE_1.13.2/STM32CubeIDE/plugins/com.st.stm32cube.ide.mcu.externaltools.gnu-tools-for-stm32.12.3.rel1.win32_1.0.100.202403111256/tools/bin/../lib/gcc/arm-none-eabi/12.3.1/../../../../arm-none-eabi/lib/thumb/v7e-m+fp/hard\libc_nano.a(libc_a-errno.o)
                0x080071c0                __errno
 .text.__libc_init_array
                0x080071cc       0x48 C:/ST/STM32CubeIDE_1.13.2/STM32CubeIDE/plugins/com.st.stm32cube.ide.mcu.externaltools.gnu-tools-for-stm32.12.3.rel1.win32_1.0.100.202403111256/tools/bin/../lib/gcc/arm-none-eabi/12.3.1/../../../../arm-none-eabi/lib/thumb/v7e-m+fp/hard\libc_nano.a(libc_a-init.o)
                0x080071cc                __libc_init_array
 .text.__retarget_lock_acquire_recursive
                0x08007214        0x2 C:/ST/STM32CubeIDE_1.13.2/STM32CubeIDE/plugins/com.st.stm32cube.ide.mcu.externaltools.gnu-tools-for-stm32.12.3.rel1.win32_1.0.100.202403111256/tools/bin/../lib/gcc/arm-none-eabi/12.3.1/../../../../arm-none-eabi/lib/thumb/v7e-m+fp/hard\libc_nano.a(libc_a-lock.o)
                0x08007214                __retarget_lock_acquire_recursive
 .text.__retarget_lock_release_recursive
                0x08007216        0x2 C:/ST/STM32CubeIDE_1.13.2/STM32CubeIDE/plugins/com.st.stm32cube.ide.mcu.externaltools.gnu-tools-for-stm32.12.3.rel1.win32_1.0.100.202403111256/tools/bin/../lib/gcc/arm-none-eabi/12.3.1/../../../../arm-none-eabi/lib/thumb/v7e-m+fp/hard\libc_nano.a(libc_a-lock.o)
                0x08007216                __retarget_lock_release_recursive
 .text._free_r  0x08007218       0x94 C:/ST/STM32CubeIDE_1.13.2/STM32CubeIDE/plugins/com.st.stm32cube.ide.mcu.externaltools.gnu-tools-for-stm32.12.3.rel1.win32_1.0.100.202403111256/tools/bin/../lib/gcc/arm-none-eabi/12.3.1/../../../../arm-none-eabi/lib/thumb/v7e-m+fp/hard\libc_nano.a(libc_a-freer.o)
                0x08007218                _free_r
 .text.__ssputs_r
                0x080072ac       0xb6 C:/ST/STM32CubeIDE_1.13.2/STM32CubeIDE/plugins/com.st.stm32cube.ide.mcu.externaltools.gnu-tools-for-stm32.12.3.rel1.win32_1.0.100.202403111256/tools/bin/../lib/gcc/arm-none-eabi/12.3.1/../../../../arm-none-eabi/lib/thumb/v7e-m+fp/hard\libc_nano.a(libc_a-nano-svfprintf.o)
                0x080072ac                __ssputs_r
 *fill*         0x08007362        0x2 
 .text._svfprintf_r
                0x08007364      0x1f8 C:/ST/STM32CubeIDE_1.13.2/STM32CubeIDE/plugins/com.st.stm32cube.ide.mcu.externaltools.gnu-tools-for-stm32.12.3.rel1.win32_1.0.100.202403111256/tools/bin/../lib/gcc/arm-none-eabi/12.3.1/../../../../arm-none-eabi/lib/thumb/v7e-m+fp/hard\libc_nano.a(libc_a-nano-svfprintf.o)
                0x08007364                _svfiprintf_r
                0x08007364                _svfprintf_r
 .text._printf_common
                0x0800755c       0xda C:/ST/STM32CubeIDE_1.13.2/STM32CubeIDE/plugins/com.st.stm32cube.ide.mcu.externaltools.gnu-tools-for-stm32.12.3.rel1.win32_1.0.100.202403111256/tools/bin/../lib/gcc/arm-none-eabi/12.3.1/../../../../arm-none-eabi/lib/thumb/v7e-m+fp/hard\libc_nano.a(libc_a-nano-vfprintf_i.o)
                0x0800755c                _printf_common
 *fill*         0x08007636        0x2 
 .text._printf_i
                0x08007638      0x240 C:/ST/STM32CubeIDE_1.13.2/STM32CubeIDE/plugins/com.st.stm32cube.ide.mcu.externaltools.gnu-tools-for-stm32.12.3.rel1.win32_1.0.100.202403111256/tools/bin/../lib/gcc/arm-none-eabi/12.3.1/../../../../arm-none-eabi/lib/thumb/v7e-m+fp/hard\libc_nano.a(libc_a-nano-vfprintf_i.o)
                0x08007638                _printf_i
 .text.memmove  0x08007878       0x34 C:/ST/STM32CubeIDE_1.13.2/STM32CubeIDE/plugins/com.st.stm32cube.ide.mcu.externaltools.gnu-tools-for-stm32.12.3.rel1.win32_1.0.100.202403111256/tools/bin/../lib/gcc/arm-none-eabi/12.3.1/../../../../arm-none-eabi/lib/thumb/v7e-m+fp/hard\libc_nano.a(libc_a-memmove.o)
                0x08007878                memmove
 .text.memcpy   0x080078ac       0x1c C:/ST/STM32CubeIDE_1.13.2/STM32CubeIDE/plugins/com.st.stm32cube.ide.mcu.externaltools.gnu-tools-for-stm32.12.3.rel1.win32_1.0.100.202403111256/tools/bin/../lib/gcc/arm-none-eabi/12.3.1/../../../../arm-none-eabi/lib/thumb/v7e-m+fp/hard\libc_nano.a(libc_a-memcpy-stub.o)
                0x080078ac                memcpy
 .text._realloc_r
                0x080078c8       0x5c C:/ST/STM32CubeIDE_1.13.2/STM32CubeIDE/plugins/com.st.stm32cube.ide.mcu.externaltools.gnu-tools-for-stm32.12.3.rel1.win32_1.0.100.202403111256/tools/bin/../lib/gcc/arm-none-eabi/12.3.1/../../../../arm-none-eabi/lib/thumb/v7e-m+fp/hard\libc_nano.a(libc_a-reallocr.o)
                0x080078c8                _realloc_r
 .text._malloc_usable_size_r
                0x08007924       0x10 C:/ST/STM32CubeIDE_1.13.2/STM32CubeIDE/plugins/com.st.stm32cube.ide.mcu.externaltools.gnu-tools-for-stm32.12.3.rel1.win32_1.0.100.202403111256/tools/bin/../lib/gcc/arm-none-eabi/12.3.1/../../../../arm-none-eabi/lib/thumb/v7e-m+fp/hard\libc_nano.a(libc_a-msizer.o)
                0x08007924                _malloc_usable_size_r
 *(.glue_7)
 .glue_7        0x08007934        0x0 linker stubs
 *(.glue_7t)
 .glue_7t       0x08007934        0x0 linker stubs
 *(.eh_frame)
 .eh_frame      0x08007934        0x0 C:/ST/STM32CubeIDE_1.13.2/STM32CubeIDE/plugins/com.st.stm32cube.ide.mcu.externaltools.gnu-tools-for-stm32.12.3.rel1.win32_1.0.100.202403111256/tools/bin/../lib/gcc/arm-none-eabi/12.3.1/thumb/v7e-m+fp/hard/crtbegin.o
 *(.init)
 .init          0x08007934        0x4 C:/ST/STM32CubeIDE_1.13.2/STM32CubeIDE/plugins/com.st.stm32cube.ide.mcu.externaltools.gnu-tools-for-stm32.12.3.rel1.win32_1.0.100.202403111256/tools/bin/../lib/gcc/arm-none-eabi/12.3.1/thumb/v7e-m+fp/hard/crti.o
                0x08007934                _init
 .init          0x08007938        0x8 C:/ST/STM32CubeIDE_1.13.2/STM32CubeIDE/plugins/com.st.stm32cube.ide.mcu.externaltools.gnu-tools-for-stm32.12.3.rel1.win32_1.0.100.202403111256/tools/bin/../lib/gcc/arm-none-eabi/12.3.1/thumb/v7e-m+fp/hard/crtn.o
 *(.fini)
 .fini          0x08007940        0x4 C:/ST/STM32CubeIDE_1.13.2/STM32CubeIDE/plugins/com.st.stm32cube.ide.mcu.externaltools.gnu-tools-for-stm32.12.3.rel1.win32_1.0.100.202403111256/tools/bin/../lib/gcc/arm-none-eabi/12.3.1/thumb/v7e-m+fp/hard/crti.o
                0x08007940                _fini
 .fini          0x08007944        0x8 C:/ST/STM32CubeIDE_1.13.2/STM32CubeIDE/plugins/com.st.stm32cube.ide.mcu.externaltools.gnu-tools-for-stm32.12.3.rel1.win32_1.0.100.202403111256/tools/bin/../lib/gcc/arm-none-eabi/12.3.1/thumb/v7e-m+fp/hard/crtn.o
                0x0800794c                        . = ALIGN (0x4)
                0x0800794c                        _etext = .

.vfp11_veneer   0x0800794c        0x0
 .vfp11_veneer  0x0800794c        0x0 linker stubs

.v4_bx          0x0800794c        0x0
 .v4_bx         0x0800794c        0x0 linker stubs

.iplt           0x0800794c        0x0
 .iplt          0x0800794c        0x0 C:/ST/STM32CubeIDE_1.13.2/STM32CubeIDE/plugins/com.st.stm32cube.ide.mcu.externaltools.gnu-tools-for-stm32.12.3.rel1.win32_1.0.100.202403111256/tools/bin/../lib/gcc/arm-none-eabi/12.3.1/thumb/v7e-m+fp/hard/crtbegin.o

.rodata         0x0800794c      0x4d8
                0x0800794c                        . = ALIGN (0x4)
 *(.rodata)
 .rodata        0x0800794c      0x342 ./Core/Src/File_Handling.o
 *fill*         0x08007c8e        0x2 
 .rodata        0x08007c90       0x6e ./Core/Src/main.o
 *fill*         0x08007cfe        0x2 
 .rodata        0x08007d00       0x44 ./Middlewares/Third_Party/FatFs/src/ff.o
 *(.rodata*)
 .rodata.AHBPrescTable
                0x08007d44       0x10 ./Core/Src/system_stm32f4xx.o
                0x08007d44                AHBPrescTable
 .rodata.APBPrescTable
                0x08007d54        0x8 ./Core/Src/system_stm32f4xx.o
                0x08007d54                APBPrescTable
 .rodata.SD_Driver
                0x08007d5c       0x14 ./FATFS/Target/sd_diskio.o
                0x08007d5c                SD_Driver
 .rodata.ExCvt  0x08007d70       0x80 ./Middlewares/Third_Party/FatFs/src/ff.o
 .rodata._svfprintf_r.str1.1
                0x08007df0       0x11 C:/ST/STM32CubeIDE_1.13.2/STM32CubeIDE/plugins/com.st.stm32cube.ide.mcu.externaltools.gnu-tools-for-stm32.12.3.rel1.win32_1.0.100.202403111256/tools/bin/../lib/gcc/arm-none-eabi/12.3.1/../../../../arm-none-eabi/lib/thumb/v7e-m+fp/hard\libc_nano.a(libc_a-nano-svfprintf.o)
 .rodata._printf_i.str1.1
                0x08007e01       0x22 C:/ST/STM32CubeIDE_1.13.2/STM32CubeIDE/plugins/com.st.stm32cube.ide.mcu.externaltools.gnu-tools-for-stm32.12.3.rel1.win32_1.0.100.202403111256/tools/bin/../lib/gcc/arm-none-eabi/12.3.1/../../../../arm-none-eabi/lib/thumb/v7e-m+fp/hard\libc_nano.a(libc_a-nano-vfprintf_i.o)
                0x08007e24                        . = ALIGN (0x4)
 *fill*         0x08007e23        0x1 

.ARM.extab      0x08007e24        0x0
                0x08007e24                        . = ALIGN (0x4)
 *(.ARM.extab* .gnu.linkonce.armextab.*)
                0x08007e24                        . = ALIGN (0x4)

.ARM            0x08007e24        0x8
                0x08007e24                        . = ALIGN (0x4)
                0x08007e24                        __exidx_start = .
 *(.ARM.exidx*)
 .ARM.exidx     0x08007e24        0x8 C:/ST/STM32CubeIDE_1.13.2/STM32CubeIDE/plugins/com.st.stm32cube.ide.mcu.externaltools.gnu-tools-for-stm32.12.3.rel1.win32_1.0.100.202403111256/tools/bin/../lib/gcc/arm-none-eabi/12.3.1/../../../../arm-none-eabi/lib/thumb/v7e-m+fp/hard\libc_nano.a(libc_a-strlen.o)
 .ARM.exidx     0x08007e2c        0x0 C:/ST/STM32CubeIDE_1.13.2/STM32CubeIDE/plugins/com.st.stm32cube.ide.mcu.externaltools.gnu-tools-for-stm32.12.3.rel1.win32_1.0.100.202403111256/tools/bin/../lib/gcc/arm-none-eabi/12.3.1/../../../../arm-none-eabi/lib/thumb/v7e-m+fp/hard\libc_nano.a(libc_a-memchr.o)
                                  0x8 (size before relaxing)
 .ARM.exidx     0x08007e2c        0x0 C:/ST/STM32CubeIDE_1.13.2/STM32CubeIDE/plugins/com.st.stm32cube.ide.mcu.externaltools.gnu-tools-for-stm32.12.3.rel1.win32_1.0.100.202403111256/tools/bin/../lib/gcc/arm-none-eabi/12.3.1/thumb/v7e-m+fp/hard\libgcc.a(_udivmoddi4.o)
                                  0x8 (size before relaxing)
                0x08007e2c                        __exidx_end = .
                0x08007e2c                        . = ALIGN (0x4)

.preinit_array  0x08007e2c        0x0
                0x08007e2c                        . = ALIGN (0x4)
                0x08007e2c                        PROVIDE (__preinit_array_start = .)
 *(.preinit_array*)
                0x08007e2c                        PROVIDE (__preinit_array_end = .)
                0x08007e2c                        . = ALIGN (0x4)

.init_array     0x08007e2c        0x4
                0x08007e2c                        . = ALIGN (0x4)
                0x08007e2c                        PROVIDE (__init_array_start = .)
 *(SORT_BY_NAME(.init_array.*))
 *(.init_array*)
 .init_array    0x08007e2c        0x4 C:/ST/STM32CubeIDE_1.13.2/STM32CubeIDE/plugins/com.st.stm32cube.ide.mcu.externaltools.gnu-tools-for-stm32.12.3.rel1.win32_1.0.100.202403111256/tools/bin/../lib/gcc/arm-none-eabi/12.3.1/thumb/v7e-m+fp/hard/crtbegin.o
                0x08007e30                        PROVIDE (__init_array_end = .)
                0x08007e30                        . = ALIGN (0x4)

.fini_array     0x08007e30        0x4
                0x08007e30                        . = ALIGN (0x4)
                [!provide]                        PROVIDE (__fini_array_start = .)
 *(SORT_BY_NAME(.fini_array.*))
 *(.fini_array*)
 .fini_array    0x08007e30        0x4 C:/ST/STM32CubeIDE_1.13.2/STM32CubeIDE/plugins/com.st.stm32cube.ide.mcu.externaltools.gnu-tools-for-stm32.12.3.rel1.win32_1.0.100.202403111256/tools/bin/../lib/gcc/arm-none-eabi/12.3.1/thumb/v7e-m+fp/hard/crtbegin.o
                [!provide]                        PROVIDE (__fini_array_end = .)
                0x08007e34                        . = ALIGN (0x4)
                0x08007e34                        _sidata = LOADADDR (.data)

.rel.dyn        0x08007e34        0x0
 .rel.iplt      0x08007e34        0x0 C:/ST/STM32CubeIDE_1.13.2/STM32CubeIDE/plugins/com.st.stm32cube.ide.mcu.externaltools.gnu-tools-for-stm32.12.3.rel1.win32_1.0.100.202403111256/tools/bin/../lib/gcc/arm-none-eabi/12.3.1/thumb/v7e-m+fp/hard/crtbegin.o

.data           0x20000000       0x5c load address 0x08007e34
                0x20000000                        . = ALIGN (0x4)
                0x20000000                        _sdata = .
 *(.data)
 *(.data*)
 .data.SystemCoreClock
                0x20000000        0x4 ./Core/Src/system_stm32f4xx.o
                0x20000000                SystemCoreClock
 .data.uwTickPrio
                0x20000004        0x4 ./Drivers/STM32F4xx_HAL_Driver/Src/stm32f4xx_hal.o
                0x20000004                uwTickPrio
 .data.uwTickFreq
                0x20000008        0x1 ./Drivers/STM32F4xx_HAL_Driver/Src/stm32f4xx_hal.o
                0x20000008                uwTickFreq
 .data.Stat     0x20000009        0x1 ./FATFS/Target/sd_diskio.o
 *fill*         0x2000000a        0x2 
 .data._impure_ptr
                0x2000000c        0x4 C:/ST/STM32CubeIDE_1.13.2/STM32CubeIDE/plugins/com.st.stm32cube.ide.mcu.externaltools.gnu-tools-for-stm32.12.3.rel1.win32_1.0.100.202403111256/tools/bin/../lib/gcc/arm-none-eabi/12.3.1/../../../../arm-none-eabi/lib/thumb/v7e-m+fp/hard\libc_nano.a(libc_a-impure.o)
                0x2000000c                _impure_ptr
 .data._impure_data
                0x20000010       0x4c C:/ST/STM32CubeIDE_1.13.2/STM32CubeIDE/plugins/com.st.stm32cube.ide.mcu.externaltools.gnu-tools-for-stm32.12.3.rel1.win32_1.0.100.202403111256/tools/bin/../lib/gcc/arm-none-eabi/12.3.1/../../../../arm-none-eabi/lib/thumb/v7e-m+fp/hard\libc_nano.a(libc_a-impure.o)
                0x20000010                _impure_data
 *(.RamFunc)
 *(.RamFunc*)
                0x2000005c                        . = ALIGN (0x4)
                0x2000005c                        _edata = .
                0x08007e90                        _siccmram = LOADADDR (.ccmram)

.igot.plt       0x2000005c        0x0 load address 0x08007e90
 .igot.plt      0x2000005c        0x0 C:/ST/STM32CubeIDE_1.13.2/STM32CubeIDE/plugins/com.st.stm32cube.ide.mcu.externaltools.gnu-tools-for-stm32.12.3.rel1.win32_1.0.100.202403111256/tools/bin/../lib/gcc/arm-none-eabi/12.3.1/thumb/v7e-m+fp/hard/crtbegin.o

.ccmram         0x10000000        0x0 load address 0x08007e90
                0x10000000                        . = ALIGN (0x4)
                0x10000000                        _sccmram = .
 *(.ccmram)
 *(.ccmram*)
                0x10000000                        . = ALIGN (0x4)
                0x10000000                        _eccmram = .
                0x10000000                        . = ALIGN (0x4)

.bss            0x2000005c     0x2320
                0x2000005c                        _sbss = .
                0x2000005c                        __bss_start__ = _sbss
 *(.bss)
 .bss           0x2000005c       0x1c C:/ST/STM32CubeIDE_1.13.2/STM32CubeIDE/plugins/com.st.stm32cube.ide.mcu.externaltools.gnu-tools-for-stm32.12.3.rel1.win32_1.0.100.202403111256/tools/bin/../lib/gcc/arm-none-eabi/12.3.1/thumb/v7e-m+fp/hard/crtbegin.o
 *(.bss*)
 .bss.fs        0x20000078     0x1034 ./Core/Src/File_Handling.o
                0x20000078                fs
 .bss.fil       0x200010ac     0x1030 ./Core/Src/File_Handling.o
                0x200010ac                fil
 .bss.fno       0x200020dc       0x18 ./Core/Src/File_Handling.o
                0x200020dc                fno
 .bss.fresult   0x200020f4        0x1 ./Core/Src/File_Handling.o
                0x200020f4                fresult
 *fill*         0x200020f5        0x3 
 .bss.bw        0x200020f8        0x4 ./Core/Src/File_Handling.o
                0x200020f8                bw
 .bss.hcan1     0x200020fc       0x28 ./Core/Src/main.o
                0x200020fc                hcan1
 .bss.hsd       0x20002124       0x84 ./Core/Src/main.o
                0x20002124                hsd
 .bss.huart1    0x200021a8       0x48 ./Core/Src/main.o
                0x200021a8                huart1
 .bss.__sbrk_heap_end
                0x200021f0        0x4 ./Core/Src/sysmem.o
 .bss.uwTick    0x200021f4        0x4 ./Drivers/STM32F4xx_HAL_Driver/Src/stm32f4xx_hal.o
                0x200021f4                uwTick
 .bss.retSD     0x200021f8        0x1 ./FATFS/App/fatfs.o
                0x200021f8                retSD
 *fill*         0x200021f9        0x3 
 .bss.SDPath    0x200021fc        0x4 ./FATFS/App/fatfs.o
                0x200021fc                SDPath
 .bss.FatFs     0x20002200        0x4 ./Middlewares/Third_Party/FatFs/src/ff.o
 .bss.Fsid      0x20002204        0x2 ./Middlewares/Third_Party/FatFs/src/ff.o
 *fill*         0x20002206        0x2 
 .bss.Files     0x20002208       0x20 ./Middlewares/Third_Party/FatFs/src/ff.o
 .bss.disk      0x20002228        0xc ./Middlewares/Third_Party/FatFs/src/ff_gen_drv.o
                0x20002228                disk
 .bss.__malloc_sbrk_start
                0x20002234        0x4 C:/ST/STM32CubeIDE_1.13.2/STM32CubeIDE/plugins/com.st.stm32cube.ide.mcu.externaltools.gnu-tools-for-stm32.12.3.rel1.win32_1.0.100.202403111256/tools/bin/../lib/gcc/arm-none-eabi/12.3.1/../../../../arm-none-eabi/lib/thumb/v7e-m+fp/hard\libc_nano.a(libc_a-mallocr.o)
                0x20002234                __malloc_sbrk_start
 .bss.__malloc_free_list
                0x20002238        0x4 C:/ST/STM32CubeIDE_1.13.2/STM32CubeIDE/plugins/com.st.stm32cube.ide.mcu.externaltools.gnu-tools-for-stm32.12.3.rel1.win32_1.0.100.202403111256/tools/bin/../lib/gcc/arm-none-eabi/12.3.1/../../../../arm-none-eabi/lib/thumb/v7e-m+fp/hard\libc_nano.a(libc_a-mallocr.o)
                0x20002238                __malloc_free_list
 .bss.__sf      0x2000223c      0x138 C:/ST/STM32CubeIDE_1.13.2/STM32CubeIDE/plugins/com.st.stm32cube.ide.mcu.externaltools.gnu-tools-for-stm32.12.3.rel1.win32_1.0.100.202403111256/tools/bin/../lib/gcc/arm-none-eabi/12.3.1/../../../../arm-none-eabi/lib/thumb/v7e-m+fp/hard\libc_nano.a(libc_a-findfp.o)
                0x2000223c                __sf
 .bss.errno     0x20002374        0x4 C:/ST/STM32CubeIDE_1.13.2/STM32CubeIDE/plugins/com.st.stm32cube.ide.mcu.externaltools.gnu-tools-for-stm32.12.3.rel1.win32_1.0.100.202403111256/tools/bin/../lib/gcc/arm-none-eabi/12.3.1/../../../../arm-none-eabi/lib/thumb/v7e-m+fp/hard\libc_nano.a(libc_a-reent.o)
                0x20002374                errno
 .bss.__lock___malloc_recursive_mutex
                0x20002378        0x1 C:/ST/STM32CubeIDE_1.13.2/STM32CubeIDE/plugins/com.st.stm32cube.ide.mcu.externaltools.gnu-tools-for-stm32.12.3.rel1.win32_1.0.100.202403111256/tools/bin/../lib/gcc/arm-none-eabi/12.3.1/../../../../arm-none-eabi/lib/thumb/v7e-m+fp/hard\libc_nano.a(libc_a-lock.o)
                0x20002378                __lock___malloc_recursive_mutex
 *(COMMON)
                0x2000237c                        . = ALIGN (0x4)
 *fill*         0x20002379        0x3 
                0x2000237c                        _ebss = .
                0x2000237c                        __bss_end__ = _ebss

._user_heap_stack
                0x2000237c      0x604
                0x20002380                        . = ALIGN (0x8)
 *fill*         0x2000237c        0x4 
                [!provide]                        PROVIDE (end = .)
                0x20002380                        PROVIDE (_end = .)
                0x20002580                        . = (. + _Min_Heap_Size)
 *fill*         0x20002380      0x200 
                0x20002980                        . = (. + _Min_Stack_Size)
 *fill*         0x20002580      0x400 
                0x20002980                        . = ALIGN (0x8)

/DISCARD/
 libc.a(*)
 libm.a(*)
 libgcc.a(*)

.ARM.attributes
                0x00000000       0x30
 *(.ARM.attributes)
 .ARM.attributes
                0x00000000       0x22 C:/ST/STM32CubeIDE_1.13.2/STM32CubeIDE/plugins/com.st.stm32cube.ide.mcu.externaltools.gnu-tools-for-stm32.12.3.rel1.win32_1.0.100.202403111256/tools/bin/../lib/gcc/arm-none-eabi/12.3.1/thumb/v7e-m+fp/hard/crti.o
 .ARM.attributes
                0x00000022       0x34 C:/ST/STM32CubeIDE_1.13.2/STM32CubeIDE/plugins/com.st.stm32cube.ide.mcu.externaltools.gnu-tools-for-stm32.12.3.rel1.win32_1.0.100.202403111256/tools/bin/../lib/gcc/arm-none-eabi/12.3.1/thumb/v7e-m+fp/hard/crtbegin.o
 .ARM.attributes
                0x00000056       0x34 ./Core/Src/File_Handling.o
 .ARM.attributes
                0x0000008a       0x34 ./Core/Src/main.o
 .ARM.attributes
                0x000000be       0x34 ./Core/Src/stm32f4xx_hal_msp.o
 .ARM.attributes
                0x000000f2       0x34 ./Core/Src/stm32f4xx_it.o
 .ARM.attributes
                0x00000126       0x34 ./Core/Src/sysmem.o
 .ARM.attributes
                0x0000015a       0x34 ./Core/Src/system_stm32f4xx.o
 .ARM.attributes
                0x0000018e       0x21 ./Core/Startup/startup_stm32f417vgtx.o
 .ARM.attributes
                0x000001af       0x34 ./Drivers/STM32F4xx_HAL_Driver/Src/stm32f4xx_hal.o
 .ARM.attributes
                0x000001e3       0x34 ./Drivers/STM32F4xx_HAL_Driver/Src/stm32f4xx_hal_can.o
 .ARM.attributes
                0x00000217       0x34 ./Drivers/STM32F4xx_HAL_Driver/Src/stm32f4xx_hal_cortex.o
 .ARM.attributes
                0x0000024b       0x34 ./Drivers/STM32F4xx_HAL_Driver/Src/stm32f4xx_hal_gpio.o
 .ARM.attributes
                0x0000027f       0x34 ./Drivers/STM32F4xx_HAL_Driver/Src/stm32f4xx_hal_rcc.o
 .ARM.attributes
                0x000002b3       0x34 ./Drivers/STM32F4xx_HAL_Driver/Src/stm32f4xx_hal_sd.o
 .ARM.attributes
                0x000002e7       0x34 ./Drivers/STM32F4xx_HAL_Driver/Src/stm32f4xx_hal_uart.o
 .ARM.attributes
                0x0000031b       0x34 ./Drivers/STM32F4xx_HAL_Driver/Src/stm32f4xx_ll_sdmmc.o
 .ARM.attributes
                0x0000034f       0x34 ./FATFS/App/fatfs.o
 .ARM.attributes
                0x00000383       0x34 ./FATFS/Target/bsp_driver_sd.o
 .ARM.attributes
                0x000003b7       0x34 ./FATFS/Target/sd_diskio.o
 .ARM.attributes
                0x000003eb       0x34 ./Middlewares/Third_Party/FatFs/src/diskio.o
 .ARM.attributes
                0x0000041f       0x34 ./Middlewares/Third_Party/FatFs/src/ff.o
 .ARM.attributes
                0x00000453       0x34 ./Middlewares/Third_Party/FatFs/src/ff_gen_drv.o
 .ARM.attributes
                0x00000487       0x34 C:/ST/STM32CubeIDE_1.13.2/STM32CubeIDE/plugins/com.st.stm32cube.ide.mcu.externaltools.gnu-tools-for-stm32.12.3.rel1.win32_1.0.100.202403111256/tools/bin/../lib/gcc/arm-none-eabi/12.3.1/../../../../arm-none-eabi/lib/thumb/v7e-m+fp/hard\libc_nano.a(libc_a-malloc.o)
 .ARM.attributes
                0x000004bb       0x34 C:/ST/STM32CubeIDE_1.13.2/STM32CubeIDE/plugins/com.st.stm32cube.ide.mcu.externaltools.gnu-tools-for-stm32.12.3.rel1.win32_1.0.100.202403111256/tools/bin/../lib/gcc/arm-none-eabi/12.3.1/../../../../arm-none-eabi/lib/thumb/v7e-m+fp/hard\libc_nano.a(libc_a-mallocr.o)
 .ARM.attributes
                0x000004ef       0x34 C:/ST/STM32CubeIDE_1.13.2/STM32CubeIDE/plugins/com.st.stm32cube.ide.mcu.externaltools.gnu-tools-for-stm32.12.3.rel1.win32_1.0.100.202403111256/tools/bin/../lib/gcc/arm-none-eabi/12.3.1/../../../../arm-none-eabi/lib/thumb/v7e-m+fp/hard\libc_nano.a(libc_a-mlock.o)
 .ARM.attributes
                0x00000523       0x34 C:/ST/STM32CubeIDE_1.13.2/STM32CubeIDE/plugins/com.st.stm32cube.ide.mcu.externaltools.gnu-tools-for-stm32.12.3.rel1.win32_1.0.100.202403111256/tools/bin/../lib/gcc/arm-none-eabi/12.3.1/../../../../arm-none-eabi/lib/thumb/v7e-m+fp/hard\libc_nano.a(libc_a-findfp.o)
 .ARM.attributes
                0x00000557       0x34 C:/ST/STM32CubeIDE_1.13.2/STM32CubeIDE/plugins/com.st.stm32cube.ide.mcu.externaltools.gnu-tools-for-stm32.12.3.rel1.win32_1.0.100.202403111256/tools/bin/../lib/gcc/arm-none-eabi/12.3.1/../../../../arm-none-eabi/lib/thumb/v7e-m+fp/hard\libc_nano.a(libc_a-sprintf.o)
 .ARM.attributes
                0x0000058b       0x34 C:/ST/STM32CubeIDE_1.13.2/STM32CubeIDE/plugins/com.st.stm32cube.ide.mcu.externaltools.gnu-tools-for-stm32.12.3.rel1.win32_1.0.100.202403111256/tools/bin/../lib/gcc/arm-none-eabi/12.3.1/../../../../arm-none-eabi/lib/thumb/v7e-m+fp/hard\libc_nano.a(libc_a-memset.o)
 .ARM.attributes
                0x000005bf       0x34 C:/ST/STM32CubeIDE_1.13.2/STM32CubeIDE/plugins/com.st.stm32cube.ide.mcu.externaltools.gnu-tools-for-stm32.12.3.rel1.win32_1.0.100.202403111256/tools/bin/../lib/gcc/arm-none-eabi/12.3.1/../../../../arm-none-eabi/lib/thumb/v7e-m+fp/hard\libc_nano.a(libc_a-reent.o)
 .ARM.attributes
                0x000005f3       0x34 C:/ST/STM32CubeIDE_1.13.2/STM32CubeIDE/plugins/com.st.stm32cube.ide.mcu.externaltools.gnu-tools-for-stm32.12.3.rel1.win32_1.0.100.202403111256/tools/bin/../lib/gcc/arm-none-eabi/12.3.1/../../../../arm-none-eabi/lib/thumb/v7e-m+fp/hard\libc_nano.a(libc_a-impure.o)
 .ARM.attributes
                0x00000627       0x34 C:/ST/STM32CubeIDE_1.13.2/STM32CubeIDE/plugins/com.st.stm32cube.ide.mcu.externaltools.gnu-tools-for-stm32.12.3.rel1.win32_1.0.100.202403111256/tools/bin/../lib/gcc/arm-none-eabi/12.3.1/../../../../arm-none-eabi/lib/thumb/v7e-m+fp/hard\libc_nano.a(libc_a-sbrkr.o)
 .ARM.attributes
                0x0000065b       0x34 C:/ST/STM32CubeIDE_1.13.2/STM32CubeIDE/plugins/com.st.stm32cube.ide.mcu.externaltools.gnu-tools-for-stm32.12.3.rel1.win32_1.0.100.202403111256/tools/bin/../lib/gcc/arm-none-eabi/12.3.1/../../../../arm-none-eabi/lib/thumb/v7e-m+fp/hard\libc_nano.a(libc_a-errno.o)
 .ARM.attributes
                0x0000068f       0x34 C:/ST/STM32CubeIDE_1.13.2/STM32CubeIDE/plugins/com.st.stm32cube.ide.mcu.externaltools.gnu-tools-for-stm32.12.3.rel1.win32_1.0.100.202403111256/tools/bin/../lib/gcc/arm-none-eabi/12.3.1/../../../../arm-none-eabi/lib/thumb/v7e-m+fp/hard\libc_nano.a(libc_a-init.o)
 .ARM.attributes
                0x000006c3       0x34 C:/ST/STM32CubeIDE_1.13.2/STM32CubeIDE/plugins/com.st.stm32cube.ide.mcu.externaltools.gnu-tools-for-stm32.12.3.rel1.win32_1.0.100.202403111256/tools/bin/../lib/gcc/arm-none-eabi/12.3.1/../../../../arm-none-eabi/lib/thumb/v7e-m+fp/hard\libc_nano.a(libc_a-lock.o)
 .ARM.attributes
                0x000006f7       0x17 C:/ST/STM32CubeIDE_1.13.2/STM32CubeIDE/plugins/com.st.stm32cube.ide.mcu.externaltools.gnu-tools-for-stm32.12.3.rel1.win32_1.0.100.202403111256/tools/bin/../lib/gcc/arm-none-eabi/12.3.1/../../../../arm-none-eabi/lib/thumb/v7e-m+fp/hard\libc_nano.a(libc_a-strlen.o)
 .ARM.attributes
                0x0000070e       0x34 C:/ST/STM32CubeIDE_1.13.2/STM32CubeIDE/plugins/com.st.stm32cube.ide.mcu.externaltools.gnu-tools-for-stm32.12.3.rel1.win32_1.0.100.202403111256/tools/bin/../lib/gcc/arm-none-eabi/12.3.1/../../../../arm-none-eabi/lib/thumb/v7e-m+fp/hard\libc_nano.a(libc_a-freer.o)
 .ARM.attributes
                0x00000742       0x34 C:/ST/STM32CubeIDE_1.13.2/STM32CubeIDE/plugins/com.st.stm32cube.ide.mcu.externaltools.gnu-tools-for-stm32.12.3.rel1.win32_1.0.100.202403111256/tools/bin/../lib/gcc/arm-none-eabi/12.3.1/../../../../arm-none-eabi/lib/thumb/v7e-m+fp/hard\libc_nano.a(libc_a-nano-svfprintf.o)
 .ARM.attributes
                0x00000776       0x34 C:/ST/STM32CubeIDE_1.13.2/STM32CubeIDE/plugins/com.st.stm32cube.ide.mcu.externaltools.gnu-tools-for-stm32.12.3.rel1.win32_1.0.100.202403111256/tools/bin/../lib/gcc/arm-none-eabi/12.3.1/../../../../arm-none-eabi/lib/thumb/v7e-m+fp/hard\libc_nano.a(libc_a-nano-vfprintf_i.o)
 .ARM.attributes
                0x000007aa       0x34 C:/ST/STM32CubeIDE_1.13.2/STM32CubeIDE/plugins/com.st.stm32cube.ide.mcu.externaltools.gnu-tools-for-stm32.12.3.rel1.win32_1.0.100.202403111256/tools/bin/../lib/gcc/arm-none-eabi/12.3.1/../../../../arm-none-eabi/lib/thumb/v7e-m+fp/hard\libc_nano.a(libc_a-memmove.o)
 .ARM.attributes
                0x000007de       0x1c C:/ST/STM32CubeIDE_1.13.2/STM32CubeIDE/plugins/com.st.stm32cube.ide.mcu.externaltools.gnu-tools-for-stm32.12.3.rel1.win32_1.0.100.202403111256/tools/bin/../lib/gcc/arm-none-eabi/12.3.1/../../../../arm-none-eabi/lib/thumb/v7e-m+fp/hard\libc_nano.a(libc_a-memchr.o)
 .ARM.attributes
                0x000007fa       0x34 C:/ST/STM32CubeIDE_1.13.2/STM32CubeIDE/plugins/com.st.stm32cube.ide.mcu.externaltools.gnu-tools-for-stm32.12.3.rel1.win32_1.0.100.202403111256/tools/bin/../lib/gcc/arm-none-eabi/12.3.1/../../../../arm-none-eabi/lib/thumb/v7e-m+fp/hard\libc_nano.a(libc_a-memcpy-stub.o)
 .ARM.attributes
                0x0000082e       0x34 C:/ST/STM32CubeIDE_1.13.2/STM32CubeIDE/plugins/com.st.stm32cube.ide.mcu.externaltools.gnu-tools-for-stm32.12.3.rel1.win32_1.0.100.202403111256/tools/bin/../lib/gcc/arm-none-eabi/12.3.1/../../../../arm-none-eabi/lib/thumb/v7e-m+fp/hard\libc_nano.a(libc_a-reallocr.o)
 .ARM.attributes
                0x00000862       0x34 C:/ST/STM32CubeIDE_1.13.2/STM32CubeIDE/plugins/com.st.stm32cube.ide.mcu.externaltools.gnu-tools-for-stm32.12.3.rel1.win32_1.0.100.202403111256/tools/bin/../lib/gcc/arm-none-eabi/12.3.1/../../../../arm-none-eabi/lib/thumb/v7e-m+fp/hard\libc_nano.a(libc_a-msizer.o)
 .ARM.attributes
                0x00000896       0x22 C:/ST/STM32CubeIDE_1.13.2/STM32CubeIDE/plugins/com.st.stm32cube.ide.mcu.externaltools.gnu-tools-for-stm32.12.3.rel1.win32_1.0.100.202403111256/tools/bin/../lib/gcc/arm-none-eabi/12.3.1/thumb/v7e-m+fp/hard\libgcc.a(_aeabi_uldivmod.o)
 .ARM.attributes
                0x000008b8       0x34 C:/ST/STM32CubeIDE_1.13.2/STM32CubeIDE/plugins/com.st.stm32cube.ide.mcu.externaltools.gnu-tools-for-stm32.12.3.rel1.win32_1.0.100.202403111256/tools/bin/../lib/gcc/arm-none-eabi/12.3.1/thumb/v7e-m+fp/hard\libgcc.a(_udivmoddi4.o)
 .ARM.attributes
                0x000008ec       0x22 C:/ST/STM32CubeIDE_1.13.2/STM32CubeIDE/plugins/com.st.stm32cube.ide.mcu.externaltools.gnu-tools-for-stm32.12.3.rel1.win32_1.0.100.202403111256/tools/bin/../lib/gcc/arm-none-eabi/12.3.1/thumb/v7e-m+fp/hard\libgcc.a(_dvmd_tls.o)
 .ARM.attributes
                0x0000090e       0x22 C:/ST/STM32CubeIDE_1.13.2/STM32CubeIDE/plugins/com.st.stm32cube.ide.mcu.externaltools.gnu-tools-for-stm32.12.3.rel1.win32_1.0.100.202403111256/tools/bin/../lib/gcc/arm-none-eabi/12.3.1/thumb/v7e-m+fp/hard/crtn.o
OUTPUT(TCU_SD_Logging_Test.elf elf32-littlearm)
LOAD linker stubs
LOAD C:/ST/STM32CubeIDE_1.13.2/STM32CubeIDE/plugins/com.st.stm32cube.ide.mcu.externaltools.gnu-tools-for-stm32.12.3.rel1.win32_1.0.100.202403111256/tools/bin/../lib/gcc/arm-none-eabi/12.3.1/../../../../arm-none-eabi/lib/thumb/v7e-m+fp/hard\libc.a
LOAD C:/ST/STM32CubeIDE_1.13.2/STM32CubeIDE/plugins/com.st.stm32cube.ide.mcu.externaltools.gnu-tools-for-stm32.12.3.rel1.win32_1.0.100.202403111256/tools/bin/../lib/gcc/arm-none-eabi/12.3.1/../../../../arm-none-eabi/lib/thumb/v7e-m+fp/hard\libm.a
LOAD C:/ST/STM32CubeIDE_1.13.2/STM32CubeIDE/plugins/com.st.stm32cube.ide.mcu.externaltools.gnu-tools-for-stm32.12.3.rel1.win32_1.0.100.202403111256/tools/bin/../lib/gcc/arm-none-eabi/12.3.1/thumb/v7e-m+fp/hard\libgcc.a

.debug_info     0x00000000    0x10c77
 .debug_info    0x00000000     0x1089 ./Core/Src/File_Handling.o
 .debug_info    0x00001089     0x13b7 ./Core/Src/main.o
 .debug_info    0x00002440     0x114f ./Core/Src/stm32f4xx_hal_msp.o
 .debug_info    0x0000358f      0x112 ./Core/Src/stm32f4xx_it.o
 .debug_info    0x000036a1      0x168 ./Core/Src/sysmem.o
 .debug_info    0x00003809      0x512 ./Core/Src/system_stm32f4xx.o
 .debug_info    0x00003d1b       0x30 ./Core/Startup/startup_stm32f417vgtx.o
 .debug_info    0x00003d4b      0x94a ./Drivers/STM32F4xx_HAL_Driver/Src/stm32f4xx_hal.o
 .debug_info    0x00004695      0xf4a ./Drivers/STM32F4xx_HAL_Driver/Src/stm32f4xx_hal_can.o
 .debug_info    0x000055df      0xd5d ./Drivers/STM32F4xx_HAL_Driver/Src/stm32f4xx_hal_cortex.o
 .debug_info    0x0000633c      0x6c3 ./Drivers/STM32F4xx_HAL_Driver/Src/stm32f4xx_hal_gpio.o
 .debug_info    0x000069ff      0x8b1 ./Drivers/STM32F4xx_HAL_Driver/Src/stm32f4xx_hal_rcc.o
 .debug_info    0x000072b0     0x1c0a ./Drivers/STM32F4xx_HAL_Driver/Src/stm32f4xx_hal_sd.o
 .debug_info    0x00008eba     0x2f4f ./Drivers/STM32F4xx_HAL_Driver/Src/stm32f4xx_hal_uart.o
 .debug_info    0x0000be09     0x10c4 ./Drivers/STM32F4xx_HAL_Driver/Src/stm32f4xx_ll_sdmmc.o
 .debug_info    0x0000cecd      0x4ea ./FATFS/App/fatfs.o
 .debug_info    0x0000d3b7      0xabd ./FATFS/Target/bsp_driver_sd.o
 .debug_info    0x0000de74      0x4b8 ./FATFS/Target/sd_diskio.o
 .debug_info    0x0000e32c      0x3df ./Middlewares/Third_Party/FatFs/src/diskio.o
 .debug_info    0x0000e70b     0x21ed ./Middlewares/Third_Party/FatFs/src/ff.o
 .debug_info    0x000108f8      0x37f ./Middlewares/Third_Party/FatFs/src/ff_gen_drv.o

.debug_abbrev   0x00000000     0x28fa
 .debug_abbrev  0x00000000      0x2f1 ./Core/Src/File_Handling.o
 .debug_abbrev  0x000002f1      0x2e3 ./Core/Src/main.o
 .debug_abbrev  0x000005d4      0x21b ./Core/Src/stm32f4xx_hal_msp.o
 .debug_abbrev  0x000007ef       0x73 ./Core/Src/stm32f4xx_it.o
 .debug_abbrev  0x00000862       0xbc ./Core/Src/sysmem.o
 .debug_abbrev  0x0000091e      0x11a ./Core/Src/system_stm32f4xx.o
 .debug_abbrev  0x00000a38       0x24 ./Core/Startup/startup_stm32f417vgtx.o
 .debug_abbrev  0x00000a5c      0x214 ./Drivers/STM32F4xx_HAL_Driver/Src/stm32f4xx_hal.o
 .debug_abbrev  0x00000c70      0x258 ./Drivers/STM32F4xx_HAL_Driver/Src/stm32f4xx_hal_can.o
 .debug_abbrev  0x00000ec8      0x328 ./Drivers/STM32F4xx_HAL_Driver/Src/stm32f4xx_hal_cortex.o
 .debug_abbrev  0x000011f0      0x1d4 ./Drivers/STM32F4xx_HAL_Driver/Src/stm32f4xx_hal_gpio.o
 .debug_abbrev  0x000013c4      0x2b6 ./Drivers/STM32F4xx_HAL_Driver/Src/stm32f4xx_hal_rcc.o
 .debug_abbrev  0x0000167a      0x297 ./Drivers/STM32F4xx_HAL_Driver/Src/stm32f4xx_hal_sd.o
 .debug_abbrev  0x00001911      0x30e ./Drivers/STM32F4xx_HAL_Driver/Src/stm32f4xx_hal_uart.o
 .debug_abbrev  0x00001c1f      0x1d6 ./Drivers/STM32F4xx_HAL_Driver/Src/stm32f4xx_ll_sdmmc.o
 .debug_abbrev  0x00001df5      0x15e ./FATFS/App/fatfs.o
 .debug_abbrev  0x00001f53      0x276 ./FATFS/Target/bsp_driver_sd.o
 .debug_abbrev  0x000021c9      0x191 ./FATFS/Target/sd_diskio.o
 .debug_abbrev  0x0000235a      0x181 ./Middlewares/Third_Party/FatFs/src/diskio.o
 .debug_abbrev  0x000024db      0x280 ./Middlewares/Third_Party/FatFs/src/ff.o
 .debug_abbrev  0x0000275b      0x19f ./Middlewares/Third_Party/FatFs/src/ff_gen_drv.o

.debug_aranges  0x00000000      0xea8
 .debug_aranges
                0x00000000       0x78 ./Core/Src/File_Handling.o
 .debug_aranges
                0x00000078       0x50 ./Core/Src/main.o
 .debug_aranges
                0x000000c8       0x50 ./Core/Src/stm32f4xx_hal_msp.o
 .debug_aranges
                0x00000118       0x60 ./Core/Src/stm32f4xx_it.o
 .debug_aranges
                0x00000178       0x20 ./Core/Src/sysmem.o
 .debug_aranges
                0x00000198       0x28 ./Core/Src/system_stm32f4xx.o
 .debug_aranges
                0x000001c0       0x28 ./Core/Startup/startup_stm32f417vgtx.o
 .debug_aranges
                0x000001e8       0xf0 ./Drivers/STM32F4xx_HAL_Driver/Src/stm32f4xx_hal.o
 .debug_aranges
                0x000002d8      0x138 ./Drivers/STM32F4xx_HAL_Driver/Src/stm32f4xx_hal_can.o
 .debug_aranges
                0x00000410      0x120 ./Drivers/STM32F4xx_HAL_Driver/Src/stm32f4xx_hal_cortex.o
 .debug_aranges
                0x00000530       0x58 ./Drivers/STM32F4xx_HAL_Driver/Src/stm32f4xx_hal_gpio.o
 .debug_aranges
                0x00000588       0x88 ./Drivers/STM32F4xx_HAL_Driver/Src/stm32f4xx_hal_rcc.o
 .debug_aranges
                0x00000610      0x168 ./Drivers/STM32F4xx_HAL_Driver/Src/stm32f4xx_hal_sd.o
 .debug_aranges
                0x00000778      0x208 ./Drivers/STM32F4xx_HAL_Driver/Src/stm32f4xx_hal_uart.o
 .debug_aranges
                0x00000980      0x188 ./Drivers/STM32F4xx_HAL_Driver/Src/stm32f4xx_ll_sdmmc.o
 .debug_aranges
                0x00000b08       0x28 ./FATFS/App/fatfs.o
 .debug_aranges
                0x00000b30       0xa0 ./FATFS/Target/bsp_driver_sd.o
 .debug_aranges
                0x00000bd0       0x48 ./FATFS/Target/sd_diskio.o
 .debug_aranges
                0x00000c18       0x48 ./Middlewares/Third_Party/FatFs/src/diskio.o
 .debug_aranges
                0x00000c60      0x208 ./Middlewares/Third_Party/FatFs/src/ff.o
 .debug_aranges
                0x00000e68       0x40 ./Middlewares/Third_Party/FatFs/src/ff_gen_drv.o

.debug_rnglists
                0x00000000      0xb43
 .debug_rnglists
                0x00000000       0x71 ./Core/Src/File_Handling.o
 .debug_rnglists
                0x00000071       0x3a ./Core/Src/main.o
 .debug_rnglists
                0x000000ab       0x3a ./Core/Src/stm32f4xx_hal_msp.o
 .debug_rnglists
                0x000000e5       0x43 ./Core/Src/stm32f4xx_it.o
 .debug_rnglists
                0x00000128       0x13 ./Core/Src/sysmem.o
 .debug_rnglists
                0x0000013b       0x1a ./Core/Src/system_stm32f4xx.o
 .debug_rnglists
                0x00000155       0x19 ./Core/Startup/startup_stm32f417vgtx.o
 .debug_rnglists
                0x0000016e       0xaf ./Drivers/STM32F4xx_HAL_Driver/Src/stm32f4xx_hal.o
 .debug_rnglists
                0x0000021d       0xee ./Drivers/STM32F4xx_HAL_Driver/Src/stm32f4xx_hal_can.o
 .debug_rnglists
                0x0000030b       0xd4 ./Drivers/STM32F4xx_HAL_Driver/Src/stm32f4xx_hal_cortex.o
 .debug_rnglists
                0x000003df       0x3f ./Drivers/STM32F4xx_HAL_Driver/Src/stm32f4xx_hal_gpio.o
 .debug_rnglists
                0x0000041e       0x66 ./Drivers/STM32F4xx_HAL_Driver/Src/stm32f4xx_hal_rcc.o
 .debug_rnglists
                0x00000484      0x121 ./Drivers/STM32F4xx_HAL_Driver/Src/stm32f4xx_hal_sd.o
 .debug_rnglists
                0x000005a5      0x1bc ./Drivers/STM32F4xx_HAL_Driver/Src/stm32f4xx_hal_uart.o
 .debug_rnglists
                0x00000761      0x125 ./Drivers/STM32F4xx_HAL_Driver/Src/stm32f4xx_ll_sdmmc.o
 .debug_rnglists
                0x00000886       0x19 ./FATFS/App/fatfs.o
 .debug_rnglists
                0x0000089f       0x73 ./FATFS/Target/bsp_driver_sd.o
 .debug_rnglists
                0x00000912       0x32 ./FATFS/Target/sd_diskio.o
 .debug_rnglists
                0x00000944       0x31 ./Middlewares/Third_Party/FatFs/src/diskio.o
 .debug_rnglists
                0x00000975      0x1a2 ./Middlewares/Third_Party/FatFs/src/ff.o
 .debug_rnglists
                0x00000b17       0x2c ./Middlewares/Third_Party/FatFs/src/ff_gen_drv.o

.debug_macro    0x00000000    0x2383d
 .debug_macro   0x00000000      0x389 ./Core/Src/File_Handling.o
 .debug_macro   0x00000389      0xab4 ./Core/Src/File_Handling.o
 .debug_macro   0x00000e3d      0x2a1 ./Core/Src/File_Handling.o
 .debug_macro   0x000010de       0x2e ./Core/Src/File_Handling.o
 .debug_macro   0x0000110c       0x28 ./Core/Src/File_Handling.o
 .debug_macro   0x00001134       0x22 ./Core/Src/File_Handling.o
 .debug_macro   0x00001156       0x8e ./Core/Src/File_Handling.o
 .debug_macro   0x000011e4       0x51 ./Core/Src/File_Handling.o
 .debug_macro   0x00001235      0x103 ./Core/Src/File_Handling.o
 .debug_macro   0x00001338       0x6a ./Core/Src/File_Handling.o
 .debug_macro   0x000013a2      0x1df ./Core/Src/File_Handling.o
 .debug_macro   0x00001581       0x1c ./Core/Src/File_Handling.o
 .debug_macro   0x0000159d       0x22 ./Core/Src/File_Handling.o
 .debug_macro   0x000015bf       0xfb ./Core/Src/File_Handling.o
 .debug_macro   0x000016ba     0x1011 ./Core/Src/File_Handling.o
 .debug_macro   0x000026cb      0x11f ./Core/Src/File_Handling.o
 .debug_macro   0x000027ea    0x1638a ./Core/Src/File_Handling.o
 .debug_macro   0x00018b74       0x6d ./Core/Src/File_Handling.o
 .debug_macro   0x00018be1     0x368c ./Core/Src/File_Handling.o
 .debug_macro   0x0001c26d      0x189 ./Core/Src/File_Handling.o
 .debug_macro   0x0001c3f6       0x5c ./Core/Src/File_Handling.o
 .debug_macro   0x0001c452      0x9f0 ./Core/Src/File_Handling.o
 .debug_macro   0x0001ce42      0x9e9 ./Core/Src/File_Handling.o
 .debug_macro   0x0001d82b      0x115 ./Core/Src/File_Handling.o
 .debug_macro   0x0001d940      0x13e ./Core/Src/File_Handling.o
 .debug_macro   0x0001da7e       0xa5 ./Core/Src/File_Handling.o
 .debug_macro   0x0001db23      0x174 ./Core/Src/File_Handling.o
 .debug_macro   0x0001dc97      0x287 ./Core/Src/File_Handling.o
 .debug_macro   0x0001df1e       0x5f ./Core/Src/File_Handling.o
 .debug_macro   0x0001df7d      0x236 ./Core/Src/File_Handling.o
 .debug_macro   0x0001e1b3      0x40f ./Core/Src/File_Handling.o
 .debug_macro   0x0001e5c2      0x12c ./Core/Src/File_Handling.o
 .debug_macro   0x0001e6ee      0x21e ./Core/Src/File_Handling.o
 .debug_macro   0x0001e90c       0x2e ./Core/Src/File_Handling.o
 .debug_macro   0x0001e93a      0x127 ./Core/Src/File_Handling.o
 .debug_macro   0x0001ea61       0x7e ./Core/Src/File_Handling.o
 .debug_macro   0x0001eadf       0x89 ./Core/Src/File_Handling.o
 .debug_macro   0x0001eb68      0x868 ./Core/Src/File_Handling.o
 .debug_macro   0x0001f3d0      0x1d5 ./Core/Src/File_Handling.o
 .debug_macro   0x0001f5a5      0x2aa ./Core/Src/File_Handling.o
 .debug_macro   0x0001f84f      0x12d ./Core/Src/File_Handling.o
 .debug_macro   0x0001f97c       0x3a ./Core/Src/File_Handling.o
 .debug_macro   0x0001f9b6       0xe5 ./Core/Src/File_Handling.o
 .debug_macro   0x0001fa9b       0x2a ./Core/Src/File_Handling.o
 .debug_macro   0x0001fac5       0x61 ./Core/Src/File_Handling.o
 .debug_macro   0x0001fb26       0x43 ./Core/Src/File_Handling.o
 .debug_macro   0x0001fb69       0x34 ./Core/Src/File_Handling.o
 .debug_macro   0x0001fb9d       0x16 ./Core/Src/File_Handling.o
 .debug_macro   0x0001fbb3       0x35 ./Core/Src/File_Handling.o
 .debug_macro   0x0001fbe8       0x16 ./Core/Src/File_Handling.o
 .debug_macro   0x0001fbfe       0x43 ./Core/Src/File_Handling.o
 .debug_macro   0x0001fc41       0x34 ./Core/Src/File_Handling.o
 .debug_macro   0x0001fc75       0x10 ./Core/Src/File_Handling.o
 .debug_macro   0x0001fc85       0x58 ./Core/Src/File_Handling.o
 .debug_macro   0x0001fcdd       0x8e ./Core/Src/File_Handling.o
 .debug_macro   0x0001fd6b       0x1c ./Core/Src/File_Handling.o
 .debug_macro   0x0001fd87      0x177 ./Core/Src/File_Handling.o
 .debug_macro   0x0001fefe      0x369 ./Core/Src/File_Handling.o
 .debug_macro   0x00020267       0x16 ./Core/Src/File_Handling.o
 .debug_macro   0x0002027d       0x29 ./Core/Src/File_Handling.o
 .debug_macro   0x000202a6       0x12 ./Core/Src/File_Handling.o
 .debug_macro   0x000202b8       0xe2 ./Core/Src/File_Handling.o
 .debug_macro   0x0002039a       0x8e ./Core/Src/File_Handling.o
 .debug_macro   0x00020428       0x16 ./Core/Src/File_Handling.o
 .debug_macro   0x0002043e       0x20 ./Core/Src/File_Handling.o
 .debug_macro   0x0002045e       0x1c ./Core/Src/File_Handling.o
 .debug_macro   0x0002047a       0x10 ./Core/Src/File_Handling.o
 .debug_macro   0x0002048a       0x1c ./Core/Src/File_Handling.o
 .debug_macro   0x000204a6       0x16 ./Core/Src/File_Handling.o
 .debug_macro   0x000204bc      0x146 ./Core/Src/File_Handling.o
 .debug_macro   0x00020602      0x383 ./Core/Src/main.o
 .debug_macro   0x00020985      0x1e7 ./Core/Src/stm32f4xx_hal_msp.o
 .debug_macro   0x00020b6c      0x1f1 ./Core/Src/stm32f4xx_it.o
 .debug_macro   0x00020d5d       0xff ./Core/Src/sysmem.o
 .debug_macro   0x00020e5c      0x23c ./Core/Src/sysmem.o
 .debug_macro   0x00021098      0x1dd ./Core/Src/system_stm32f4xx.o
 .debug_macro   0x00021275      0x23d ./Drivers/STM32F4xx_HAL_Driver/Src/stm32f4xx_hal.o
 .debug_macro   0x000214b2      0x1ec ./Drivers/STM32F4xx_HAL_Driver/Src/stm32f4xx_hal_can.o
 .debug_macro   0x0002169e      0x1dd ./Drivers/STM32F4xx_HAL_Driver/Src/stm32f4xx_hal_cortex.o
 .debug_macro   0x0002187b      0x1e3 ./Drivers/STM32F4xx_HAL_Driver/Src/stm32f4xx_hal_gpio.o
 .debug_macro   0x00021a5e      0x201 ./Drivers/STM32F4xx_HAL_Driver/Src/stm32f4xx_hal_rcc.o
 .debug_macro   0x00021c5f      0x1de ./Drivers/STM32F4xx_HAL_Driver/Src/stm32f4xx_hal_sd.o
 .debug_macro   0x00021e3d      0x1de ./Drivers/STM32F4xx_HAL_Driver/Src/stm32f4xx_hal_uart.o
 .debug_macro   0x0002201b      0x1de ./Drivers/STM32F4xx_HAL_Driver/Src/stm32f4xx_ll_sdmmc.o
 .debug_macro   0x000221f9      0x315 ./FATFS/App/fatfs.o
 .debug_macro   0x0002250e      0x1ec ./FATFS/Target/bsp_driver_sd.o
 .debug_macro   0x000226fa       0x34 ./FATFS/Target/bsp_driver_sd.o
 .debug_macro   0x0002272e      0x318 ./FATFS/Target/sd_diskio.o
 .debug_macro   0x00022a46       0x16 ./FATFS/Target/sd_diskio.o
 .debug_macro   0x00022a5c       0x7c ./FATFS/Target/sd_diskio.o
 .debug_macro   0x00022ad8      0x302 ./Middlewares/Third_Party/FatFs/src/diskio.o
 .debug_macro   0x00022dda      0x709 ./Middlewares/Third_Party/FatFs/src/ff.o
 .debug_macro   0x000234e3       0x58 ./Middlewares/Third_Party/FatFs/src/ff.o
 .debug_macro   0x0002353b      0x302 ./Middlewares/Third_Party/FatFs/src/ff_gen_drv.o

.debug_line     0x00000000    0x139c6
 .debug_line    0x00000000      0xd70 ./Core/Src/File_Handling.o
 .debug_line    0x00000d70      0xb4b ./Core/Src/main.o
 .debug_line    0x000018bb      0x85b ./Core/Src/stm32f4xx_hal_msp.o
 .debug_line    0x00002116      0x825 ./Core/Src/stm32f4xx_it.o
 .debug_line    0x0000293b      0x583 ./Core/Src/sysmem.o
 .debug_line    0x00002ebe      0x7e7 ./Core/Src/system_stm32f4xx.o
 .debug_line    0x000036a5       0x7a ./Core/Startup/startup_stm32f417vgtx.o
 .debug_line    0x0000371f      0xa50 ./Drivers/STM32F4xx_HAL_Driver/Src/stm32f4xx_hal.o
 .debug_line    0x0000416f     0x11ff ./Drivers/STM32F4xx_HAL_Driver/Src/stm32f4xx_hal_can.o
 .debug_line    0x0000536e      0xd18 ./Drivers/STM32F4xx_HAL_Driver/Src/stm32f4xx_hal_cortex.o
 .debug_line    0x00006086      0xbdc ./Drivers/STM32F4xx_HAL_Driver/Src/stm32f4xx_hal_gpio.o
 .debug_line    0x00006c62      0xdc3 ./Drivers/STM32F4xx_HAL_Driver/Src/stm32f4xx_hal_rcc.o
 .debug_line    0x00007a25     0x1f89 ./Drivers/STM32F4xx_HAL_Driver/Src/stm32f4xx_hal_sd.o
 .debug_line    0x000099ae     0x2922 ./Drivers/STM32F4xx_HAL_Driver/Src/stm32f4xx_hal_uart.o
 .debug_line    0x0000c2d0      0xfdf ./Drivers/STM32F4xx_HAL_Driver/Src/stm32f4xx_ll_sdmmc.o
 .debug_line    0x0000d2af      0x964 ./FATFS/App/fatfs.o
 .debug_line    0x0000dc13      0x927 ./FATFS/Target/bsp_driver_sd.o
 .debug_line    0x0000e53a      0xa48 ./FATFS/Target/sd_diskio.o
 .debug_line    0x0000ef82      0x9d8 ./Middlewares/Third_Party/FatFs/src/diskio.o
 .debug_line    0x0000f95a     0x3679 ./Middlewares/Third_Party/FatFs/src/ff.o
 .debug_line    0x00012fd3      0x9f3 ./Middlewares/Third_Party/FatFs/src/ff_gen_drv.o

.debug_str      0x00000000    0xce7b7
 .debug_str     0x00000000    0xc9c64 ./Core/Src/File_Handling.o
                              0xc9f9e (size before relaxing)
 .debug_str     0x000c9c64      0x705 ./Core/Src/main.o
                              0xca4af (size before relaxing)
 .debug_str     0x000ca369      0x123 ./Core/Src/stm32f4xx_hal_msp.o
                              0xc6254 (size before relaxing)
 .debug_str     0x000ca48c       0xc9 ./Core/Src/stm32f4xx_it.o
                              0xc584b (size before relaxing)
 .debug_str     0x000ca555      0x4dc ./Core/Src/sysmem.o
                               0x60ca (size before relaxing)
 .debug_str     0x000caa31       0xdb ./Core/Src/system_stm32f4xx.o
                              0xc5975 (size before relaxing)
 .debug_str     0x000cab0c       0x44 ./Core/Startup/startup_stm32f417vgtx.o
                                 0x7d (size before relaxing)
 .debug_str     0x000cab50      0xb0e ./Drivers/STM32F4xx_HAL_Driver/Src/stm32f4xx_hal.o
                              0xc6508 (size before relaxing)
 .debug_str     0x000cb65e      0x583 ./Drivers/STM32F4xx_HAL_Driver/Src/stm32f4xx_hal_can.o
                              0xc606f (size before relaxing)
 .debug_str     0x000cbbe1      0x361 ./Drivers/STM32F4xx_HAL_Driver/Src/stm32f4xx_hal_cortex.o
                              0xc6252 (size before relaxing)
 .debug_str     0x000cbf42      0x15d ./Drivers/STM32F4xx_HAL_Driver/Src/stm32f4xx_hal_gpio.o
                              0xc5af0 (size before relaxing)
 .debug_str     0x000cc09f      0x233 ./Drivers/STM32F4xx_HAL_Driver/Src/stm32f4xx_hal_rcc.o
                              0xc5da9 (size before relaxing)
 .debug_str     0x000cc2d2      0x941 ./Drivers/STM32F4xx_HAL_Driver/Src/stm32f4xx_hal_sd.o
                              0xc66ee (size before relaxing)
 .debug_str     0x000ccc13      0x5ff ./Drivers/STM32F4xx_HAL_Driver/Src/stm32f4xx_hal_uart.o
                              0xc638a (size before relaxing)
 .debug_str     0x000cd212      0x227 ./Drivers/STM32F4xx_HAL_Driver/Src/stm32f4xx_ll_sdmmc.o
                              0xc5dfc (size before relaxing)
 .debug_str     0x000cd439       0xe7 ./FATFS/App/fatfs.o
                              0xc925d (size before relaxing)
 .debug_str     0x000cd520      0x164 ./FATFS/Target/bsp_driver_sd.o
                              0xc5fe6 (size before relaxing)
 .debug_str     0x000cd684       0xa0 ./FATFS/Target/sd_diskio.o
                              0xc929f (size before relaxing)
 .debug_str     0x000cd724       0x57 ./Middlewares/Third_Party/FatFs/src/diskio.o
                              0xc9172 (size before relaxing)
 .debug_str     0x000cd77b      0xfab ./Middlewares/Third_Party/FatFs/src/ff.o
                              0xca3d9 (size before relaxing)
 .debug_str     0x000ce726       0x91 ./Middlewares/Third_Party/FatFs/src/ff_gen_drv.o
                              0xc91c3 (size before relaxing)

.comment        0x00000000       0x43
 .comment       0x00000000       0x43 ./Core/Src/File_Handling.o
                                 0x44 (size before relaxing)
 .comment       0x00000043       0x44 ./Core/Src/main.o
 .comment       0x00000043       0x44 ./Core/Src/stm32f4xx_hal_msp.o
 .comment       0x00000043       0x44 ./Core/Src/stm32f4xx_it.o
 .comment       0x00000043       0x44 ./Core/Src/sysmem.o
 .comment       0x00000043       0x44 ./Core/Src/system_stm32f4xx.o
 .comment       0x00000043       0x44 ./Drivers/STM32F4xx_HAL_Driver/Src/stm32f4xx_hal.o
 .comment       0x00000043       0x44 ./Drivers/STM32F4xx_HAL_Driver/Src/stm32f4xx_hal_can.o
 .comment       0x00000043       0x44 ./Drivers/STM32F4xx_HAL_Driver/Src/stm32f4xx_hal_cortex.o
 .comment       0x00000043       0x44 ./Drivers/STM32F4xx_HAL_Driver/Src/stm32f4xx_hal_gpio.o
 .comment       0x00000043       0x44 ./Drivers/STM32F4xx_HAL_Driver/Src/stm32f4xx_hal_rcc.o
 .comment       0x00000043       0x44 ./Drivers/STM32F4xx_HAL_Driver/Src/stm32f4xx_hal_sd.o
 .comment       0x00000043       0x44 ./Drivers/STM32F4xx_HAL_Driver/Src/stm32f4xx_hal_uart.o
 .comment       0x00000043       0x44 ./Drivers/STM32F4xx_HAL_Driver/Src/stm32f4xx_ll_sdmmc.o
 .comment       0x00000043       0x44 ./FATFS/App/fatfs.o
 .comment       0x00000043       0x44 ./FATFS/Target/bsp_driver_sd.o
 .comment       0x00000043       0x44 ./FATFS/Target/sd_diskio.o
 .comment       0x00000043       0x44 ./Middlewares/Third_Party/FatFs/src/diskio.o
 .comment       0x00000043       0x44 ./Middlewares/Third_Party/FatFs/src/ff.o
 .comment       0x00000043       0x44 ./Middlewares/Third_Party/FatFs/src/ff_gen_drv.o

.debug_frame    0x00000000     0x416c
 .debug_frame   0x00000000      0x1c0 ./Core/Src/File_Handling.o
 .debug_frame   0x000001c0       0xe8 ./Core/Src/main.o
 .debug_frame   0x000002a8      0x110 ./Core/Src/stm32f4xx_hal_msp.o
 .debug_frame   0x000003b8      0x104 ./Core/Src/stm32f4xx_it.o
 .debug_frame   0x000004bc       0x34 ./Core/Src/sysmem.o
 .debug_frame   0x000004f0       0x58 ./Core/Src/system_stm32f4xx.o
 .debug_frame   0x00000548      0x374 ./Drivers/STM32F4xx_HAL_Driver/Src/stm32f4xx_hal.o
 .debug_frame   0x000008bc      0x5a0 ./Drivers/STM32F4xx_HAL_Driver/Src/stm32f4xx_hal_can.o
 .debug_frame   0x00000e5c      0x4b8 ./Drivers/STM32F4xx_HAL_Driver/Src/stm32f4xx_hal_cortex.o
 .debug_frame   0x00001314      0x14c ./Drivers/STM32F4xx_HAL_Driver/Src/stm32f4xx_hal_gpio.o
 .debug_frame   0x00001460      0x1f4 ./Drivers/STM32F4xx_HAL_Driver/Src/stm32f4xx_hal_rcc.o
 .debug_frame   0x00001654      0x650 ./Drivers/STM32F4xx_HAL_Driver/Src/stm32f4xx_hal_sd.o
 .debug_frame   0x00001ca4      0x954 ./Drivers/STM32F4xx_HAL_Driver/Src/stm32f4xx_hal_uart.o
 .debug_frame   0x000025f8      0x6d0 ./Drivers/STM32F4xx_HAL_Driver/Src/stm32f4xx_ll_sdmmc.o
 .debug_frame   0x00002cc8       0x4c ./FATFS/App/fatfs.o
 .debug_frame   0x00002d14      0x25c ./FATFS/Target/bsp_driver_sd.o
 .debug_frame   0x00002f70       0xe8 ./FATFS/Target/sd_diskio.o
 .debug_frame   0x00003058       0xec ./Middlewares/Third_Party/FatFs/src/diskio.o
 .debug_frame   0x00003144      0x94c ./Middlewares/Third_Party/FatFs/src/ff.o
 .debug_frame   0x00003a90       0xc8 ./Middlewares/Third_Party/FatFs/src/ff_gen_drv.o
 .debug_frame   0x00003b58       0x30 C:/ST/STM32CubeIDE_1.13.2/STM32CubeIDE/plugins/com.st.stm32cube.ide.mcu.externaltools.gnu-tools-for-stm32.12.3.rel1.win32_1.0.100.202403111256/tools/bin/../lib/gcc/arm-none-eabi/12.3.1/../../../../arm-none-eabi/lib/thumb/v7e-m+fp/hard\libc_nano.a(libc_a-malloc.o)
 .debug_frame   0x00003b88       0x50 C:/ST/STM32CubeIDE_1.13.2/STM32CubeIDE/plugins/com.st.stm32cube.ide.mcu.externaltools.gnu-tools-for-stm32.12.3.rel1.win32_1.0.100.202403111256/tools/bin/../lib/gcc/arm-none-eabi/12.3.1/../../../../arm-none-eabi/lib/thumb/v7e-m+fp/hard\libc_nano.a(libc_a-mallocr.o)
 .debug_frame   0x00003bd8       0x30 C:/ST/STM32CubeIDE_1.13.2/STM32CubeIDE/plugins/com.st.stm32cube.ide.mcu.externaltools.gnu-tools-for-stm32.12.3.rel1.win32_1.0.100.202403111256/tools/bin/../lib/gcc/arm-none-eabi/12.3.1/../../../../arm-none-eabi/lib/thumb/v7e-m+fp/hard\libc_nano.a(libc_a-mlock.o)
 .debug_frame   0x00003c08      0x144 C:/ST/STM32CubeIDE_1.13.2/STM32CubeIDE/plugins/com.st.stm32cube.ide.mcu.externaltools.gnu-tools-for-stm32.12.3.rel1.win32_1.0.100.202403111256/tools/bin/../lib/gcc/arm-none-eabi/12.3.1/../../../../arm-none-eabi/lib/thumb/v7e-m+fp/hard\libc_nano.a(libc_a-findfp.o)
 .debug_frame   0x00003d4c       0x6c C:/ST/STM32CubeIDE_1.13.2/STM32CubeIDE/plugins/com.st.stm32cube.ide.mcu.externaltools.gnu-tools-for-stm32.12.3.rel1.win32_1.0.100.202403111256/tools/bin/../lib/gcc/arm-none-eabi/12.3.1/../../../../arm-none-eabi/lib/thumb/v7e-m+fp/hard\libc_nano.a(libc_a-sprintf.o)
 .debug_frame   0x00003db8       0x20 C:/ST/STM32CubeIDE_1.13.2/STM32CubeIDE/plugins/com.st.stm32cube.ide.mcu.externaltools.gnu-tools-for-stm32.12.3.rel1.win32_1.0.100.202403111256/tools/bin/../lib/gcc/arm-none-eabi/12.3.1/../../../../arm-none-eabi/lib/thumb/v7e-m+fp/hard\libc_nano.a(libc_a-memset.o)